Archive member included to satisfy reference by file (symbol)

C:\Users\Alan\Documents\MCUXpressoIDE_11.0.1_2563\workspace_3\lpc_board_nxp_lpcxpresso_4337\Debug\liblpc_board_nxp_lpcxpresso_4337.a(board.o)
                              ./freertos/src/FreeRTOSCommonHooks.o (Board_UARTPutSTR)
C:\Users\Alan\Documents\MCUXpressoIDE_11.0.1_2563\workspace_3\lpc_board_nxp_lpcxpresso_4337\Debug\liblpc_board_nxp_lpcxpresso_4337.a(board_sysinit.o)
                              ./example/src/sysinit.o (Board_SystemInit)
C:\Users\Alan\Documents\MCUXpressoIDE_11.0.1_2563\workspace_3\lpc_board_nxp_lpcxpresso_4337\Debug\liblpc_board_nxp_lpcxpresso_4337.a(wm8904.o)
                              C:\Users\Alan\Documents\MCUXpressoIDE_11.0.1_2563\workspace_3\lpc_board_nxp_lpcxpresso_4337\Debug\liblpc_board_nxp_lpcxpresso_4337.a(board.o) (WM8904_Init)
C:\Users\Alan\Documents\MCUXpressoIDE_11.0.1_2563\workspace_3\lpc_chip_43xx\Debug\liblpc_chip_43xx.a(chip_18xx_43xx.o)
                              ./freertos/src/port.o (SystemCoreClock)
C:\Users\Alan\Documents\MCUXpressoIDE_11.0.1_2563\workspace_3\lpc_chip_43xx\Debug\liblpc_chip_43xx.a(clock_18xx_43xx.o)
                              C:\Users\Alan\Documents\MCUXpressoIDE_11.0.1_2563\workspace_3\lpc_chip_43xx\Debug\liblpc_chip_43xx.a(chip_18xx_43xx.o) (Chip_Clock_GetClockInputHz)
C:\Users\Alan\Documents\MCUXpressoIDE_11.0.1_2563\workspace_3\lpc_chip_43xx\Debug\liblpc_chip_43xx.a(fpu_init.o)
                              ./example/src/sysinit.o (fpuInit)
C:\Users\Alan\Documents\MCUXpressoIDE_11.0.1_2563\workspace_3\lpc_chip_43xx\Debug\liblpc_chip_43xx.a(gpdma_18xx_43xx.o)
                              ./example/src/blinky.o (Chip_GPDMA_Init)
C:\Users\Alan\Documents\MCUXpressoIDE_11.0.1_2563\workspace_3\lpc_chip_43xx\Debug\liblpc_chip_43xx.a(gpio_18xx_43xx.o)
                              ./example/src/blinky.o (Chip_GPIO_Init)
C:\Users\Alan\Documents\MCUXpressoIDE_11.0.1_2563\workspace_3\lpc_chip_43xx\Debug\liblpc_chip_43xx.a(i2c_18xx_43xx.o)
                              C:\Users\Alan\Documents\MCUXpressoIDE_11.0.1_2563\workspace_3\lpc_board_nxp_lpcxpresso_4337\Debug\liblpc_board_nxp_lpcxpresso_4337.a(wm8904.o) (Chip_I2C_EventHandlerPolling)
C:\Users\Alan\Documents\MCUXpressoIDE_11.0.1_2563\workspace_3\lpc_chip_43xx\Debug\liblpc_chip_43xx.a(ssp_18xx_43xx.o)
                              ./example/src/blinky.o (Chip_SSP_WriteFrames_Blocking)
C:\Users\Alan\Documents\MCUXpressoIDE_11.0.1_2563\workspace_3\lpc_chip_43xx\Debug\liblpc_chip_43xx.a(sysinit_18xx_43xx.o)
                              C:\Users\Alan\Documents\MCUXpressoIDE_11.0.1_2563\workspace_3\lpc_board_nxp_lpcxpresso_4337\Debug\liblpc_board_nxp_lpcxpresso_4337.a(board_sysinit.o) (Chip_SetupCoreClock)
C:\Users\Alan\Documents\MCUXpressoIDE_11.0.1_2563\workspace_3\lpc_chip_43xx\Debug\liblpc_chip_43xx.a(uart_18xx_43xx.o)
                              ./example/src/blinky.o (Chip_UART_Init)
C:\Users\Alan\Documents\MCUXpressoIDE_11.0.1_2563\workspace_3\lpc_chip_43xx\Debug\liblpc_chip_43xx.a(ring_buffer.o)
                              C:\Users\Alan\Documents\MCUXpressoIDE_11.0.1_2563\workspace_3\lpc_chip_43xx\Debug\liblpc_chip_43xx.a(uart_18xx_43xx.o) (RingBuffer_Insert)
c:/nxp/mcuxpressoide_11.0.1_2563/ide/plugins/com.nxp.mcuxpresso.tools.win32_11.0.1.201907311258/tools/bin/../lib/gcc/arm-none-eabi/8.2.1/../../../../arm-none-eabi/lib/thumb/v7e-m+fp/softfp\libcr_nohost.a(_cr__main.o)
                              ./example/src/cr_startup_lpc43xx.o (__main)
c:/nxp/mcuxpressoide_11.0.1_2563/ide/plugins/com.nxp.mcuxpresso.tools.win32_11.0.1.201907311258/tools/bin/../lib/gcc/arm-none-eabi/8.2.1/../../../../arm-none-eabi/lib/thumb/v7e-m+fp/softfp\libcr_c.a(memcpy.o)
                              ./freertos/src/queue.o (memcpy)
c:/nxp/mcuxpressoide_11.0.1_2563/ide/plugins/com.nxp.mcuxpresso.tools.win32_11.0.1.201907311258/tools/bin/../lib/gcc/arm-none-eabi/8.2.1/../../../../arm-none-eabi/lib/thumb/v7e-m+fp/softfp\libcr_c.a(memset.o)
                              ./freertos/src/tasks.o (memset)
c:/nxp/mcuxpressoide_11.0.1_2563/ide/plugins/com.nxp.mcuxpresso.tools.win32_11.0.1.201907311258/tools/bin/../lib/gcc/arm-none-eabi/8.2.1/../../../../arm-none-eabi/lib/thumb/v7e-m+fp/softfp\libcr_c.a(alloc.o)
                              ./freertos/src/heap_3.o (malloc)
c:/nxp/mcuxpressoide_11.0.1_2563/ide/plugins/com.nxp.mcuxpresso.tools.win32_11.0.1.201907311258/tools/bin/../lib/gcc/arm-none-eabi/8.2.1/../../../../arm-none-eabi/lib/thumb/v7e-m+fp/softfp\libcr_c.a(fpprintf.o)
                              ./freertos/src/FreeRTOSCommonHooks.o (printf)
c:/nxp/mcuxpressoide_11.0.1_2563/ide/plugins/com.nxp.mcuxpresso.tools.win32_11.0.1.201907311258/tools/bin/../lib/gcc/arm-none-eabi/8.2.1/../../../../arm-none-eabi/lib/thumb/v7e-m+fp/softfp\libcr_c.a(initio.o)
[...]
Memory Configuration

Name             Origin             Length             Attributes
MFlashA512       0x1a000000         0x00080000         xr
MFlashB512       0x1b000000         0x00080000         xr
RamLoc32         0x10000000         0x00008000         xrw
RamLoc40         0x10080000         0x0000a000         xrw
RamAHB32         0x20000000         0x00008000         xrw
RamAHB16         0x20008000         0x00004000         xrw
RamAHB_ETB16     0x2000c000         0x00004000         xrw
*default*        0x00000000         0xffffffff

Linker script and memory map

LOAD ./freertos/src/FreeRTOSCommonHooks.o
LOAD ./freertos/src/croutine.o
LOAD ./freertos/src/event_groups.o
LOAD ./freertos/src/heap_3.o
LOAD ./freertos/src/list.o
LOAD ./freertos/src/port.o
LOAD ./freertos/src/queue.o
LOAD ./freertos/src/redlib_memfix.o
LOAD ./freertos/src/tasks.o
LOAD ./freertos/src/timers.o
LOAD ./example/src/blinky.o
LOAD ./example/src/cr_startup_lpc43xx.o
LOAD ./example/src/funciones.o
LOAD ./example/src/sysinit.o
LOAD C:\Users\Alan\Documents\MCUXpressoIDE_11.0.1_2563\workspace_3\CMSIS_DSPLIB_CM4\lib\libCMSIS_DSPLIB_CM4.a
LOAD C:\Users\Alan\Documents\MCUXpressoIDE_11.0.1_2563\workspace_3\lpc_board_nxp_lpcxpresso_4337\Debug\liblpc_board_nxp_lpcxpresso_4337.a
LOAD C:\Users\Alan\Documents\MCUXpressoIDE_11.0.1_2563\workspace_3\lpc_chip_43xx\Debug\liblpc_chip_43xx.a
START GROUP
LOAD c:/nxp/mcuxpressoide_11.0.1_2563/ide/plugins/com.nxp.mcuxpresso.tools.win32_11.0.1.201907311258/tools/bin/../lib/gcc/arm-none-eabi/8.2.1/../../../../arm-none-eabi/lib/thumb/v7e-m+fp/softfp\libcr_nohost.a
LOAD c:/nxp/mcuxpressoide_11.0.1_2563/ide/plugins/com.nxp.mcuxpresso.tools.win32_11.0.1.201907311258/tools/bin/../lib/gcc/arm-none-eabi/8.2.1/../../../../arm-none-eabi/lib/thumb/v7e-m+fp/softfp\libcr_c.a
LOAD c:/nxp/mcuxpressoide_11.0.1_2563/ide/plugins/com.nxp.mcuxpresso.tools.win32_11.0.1.201907311258/tools/bin/../lib/gcc/arm-none-eabi/8.2.1/thumb/v7e-m+fp/softfp\libcr_eabihelpers.a
LOAD c:/nxp/mcuxpressoide_11.0.1_2563/ide/plugins/com.nxp.mcuxpresso.tools.win32_11.0.1.201907311258/tools/bin/../lib/gcc/arm-none-eabi/8.2.1/thumb/v7e-m+fp/softfp\libgcc.a
END GROUP
                0x1a000000                __base_MFlashA512 = 0x1a000000
                0x1a000000                __base_Flash = 0x1a000000
                0x1a080000                __top_MFlashA512 = 0x1a080000
                0x1a080000                __top_Flash = 0x1a080000
                0x1b000000                __base_MFlashB512 = 0x1b000000
                0x1b000000                __base_Flash2 = 0x1b000000
                0x1b080000                __top_MFlashB512 = 0x1b080000
                0x1b080000                __top_Flash2 = 0x1b080000
                0x10000000                __base_RamLoc32 = 0x10000000
                0x10000000                __base_RAM = 0x10000000
                0x10008000                __top_RamLoc32 = 0x10008000
                0x10008000                __top_RAM = 0x10008000
                0x10080000                __base_RamLoc40 = 0x10080000
                0x10080000                __base_RAM2 = 0x10080000
                0x1008a000                __top_RamLoc40 = 0x1008a000
                0x1008a000                __top_RAM2 = 0x1008a000
                0x20000000                __base_RamAHB32 = 0x20000000
                0x20000000                __base_RAM3 = 0x20000000
                0x20008000                __top_RamAHB32 = 0x20008000
                0x20008000                __top_RAM3 = 0x20008000
                0x20008000                __base_RamAHB16 = 0x20008000
                0x20008000                __base_RAM4 = 0x20008000
                0x2000c000                __top_RamAHB16 = 0x2000c000
                0x2000c000                __top_RAM4 = 0x2000c000
                0x2000c000                __base_RamAHB_ETB16 = 0x2000c000
                0x2000c000                __base_RAM5 = 0x2000c000
                0x20010000                __top_RamAHB_ETB16 = 0x20010000
                0x20010000                __top_RAM5 = 0x20010000

.text_Flash2    0x1b000000        0x0
 FILL mask 0xff
 *(.text_Flash2)
 *(.text_MFlashB512)
 *(.text.$Flash2)
 *(.text.$MFlashB512)
 *(.text_Flash2.*)
 *(.text_MFlashB512.*)
 *(.text.$Flash2.*)
 *(.text.$MFlashB512.*)
 *(.rodata.$Flash2)
 *(.rodata.$MFlashB512)
 *(.rodata.$Flash2.*)
 *(.rodata.$MFlashB512.*)

.text           0x1a000000     0x42c4
 FILL mask 0xff
                0x1a000000                __vectors_start__ = ABSOLUTE (.)
 *(.isr_vector)
 .isr_vector    0x1a000000      0x114 ./example/src/cr_startup_lpc43xx.o
                0x1a000000                g_pfnVectors
                0x1a000114                . = ALIGN (0x4)
                0x1a000114                __section_table_start = .
                0x1a000114                __data_section_table = .
                0x1a000114        0x4 LONG 0x1a0042c4 LOADADDR (.data)
                0x1a000118        0x4 LONG 0x10000000 ADDR (.data)
                0x1a00011c        0x4 LONG 0x8 SIZEOF (.data)
                0x1a000120        0x4 LONG 0x1a0042c4 LOADADDR (.data_RAM2)
                0x1a000124        0x4 LONG 0x10080000 ADDR (.data_RAM2)
                0x1a000128        0x4 LONG 0x0 SIZEOF (.data_RAM2)
                0x1a00012c        0x4 LONG 0x1a0042c4 LOADADDR (.data_RAM3)
                0x1a000130        0x4 LONG 0x20000000 ADDR (.data_RAM3)
                0x1a000134        0x4 LONG 0x0 SIZEOF (.data_RAM3)
                0x1a000138        0x4 LONG 0x1a0042c4 LOADADDR (.data_RAM4)
                0x1a00013c        0x4 LONG 0x20008000 ADDR (.data_RAM4)
                0x1a000140        0x4 LONG 0x0 SIZEOF (.data_RAM4)
                0x1a000144        0x4 LONG 0x1a0042c4 LOADADDR (.data_RAM5)
                0x1a000148        0x4 LONG 0x2000c000 ADDR (.data_RAM5)
                0x1a00014c        0x4 LONG 0x0 SIZEOF (.data_RAM5)
                0x1a000150                __data_section_table_end = .
                0x1a000150                __bss_section_table = .
                0x1a000150        0x4 LONG 0x10000008 ADDR (.bss)
                0x1a000154        0x4 LONG 0x2f8 SIZEOF (.bss)
                0x1a000158        0x4 LONG 0x10080000 ADDR (.bss_RAM2)
                0x1a00015c        0x4 LONG 0x0 SIZEOF (.bss_RAM2)
                0x1a000160        0x4 LONG 0x20000000 ADDR (.bss_RAM3)
                0x1a000164        0x4 LONG 0x0 SIZEOF (.bss_RAM3)
                0x1a000168        0x4 LONG 0x20008000 ADDR (.bss_RAM4)
                0x1a00016c        0x4 LONG 0x0 SIZEOF (.bss_RAM4)
                0x1a000170        0x4 LONG 0x2000c000 ADDR (.bss_RAM5)
                0x1a000174        0x4 LONG 0x0 SIZEOF (.bss_RAM5)
                0x1a000178                __bss_section_table_end = .
                0x1a000178                __section_table_end = .
 *(.after_vectors*)
 .after_vectors
                0x1a000178       0xb8 ./example/src/cr_startup_lpc43xx.o
                0x1a000178                data_init
                0x1a0001bc                bss_init
                0x1a0001f4                NMI_Handler
                0x1a0001fa                HardFault_Handler
                0x1a000200                MemManage_Handler
                0x1a000206                BusFault_Handler
                0x1a00020c                UsageFault_Handler
                0x1a000218                DebugMon_Handler
                0x1a00022a                ATIMER_IRQHandler
                0x1a00022a                FLASH_EEPROM_IRQHandler
                0x1a00022a                I2C1_IRQHandler
                0x1a00022a                UART1_IRQHandler
                0x1a00022a                GPIO5_IRQHandler
                0x1a00022a                CAN1_IRQHandler
                0x1a00022a                SDIO_IRQHandler
                0x1a00022a                I2S0_IRQHandler
                0x1a00022a                TIMER3_IRQHandler
                0x1a00022a                UART0_IRQHandler
                0x1a00022a                ADCHS_IRQHandler
                0x1a00022a                SGPIO_IRQHandler
                0x1a00022a                RIT_IRQHandler
                0x1a00022a                USB1_IRQHandler
                0x1a00022a                GPIO6_IRQHandler
                0x1a00022a                IntDefaultHandler
                0x1a00022a                GPIO1_IRQHandler
                0x1a00022a                SSP0_IRQHandler
                0x1a00022a                ADC1_IRQHandler
                0x1a00022a                RTC_IRQHandler
                0x1a00022a                TIMER0_IRQHandler
                0x1a00022a                SPI_IRQHandler
                0x1a00022a                LCD_IRQHandler
                0x1a00022a                I2C0_IRQHandler
                0x1a00022a                TIMER1_IRQHandler
                0x1a00022a                UART2_IRQHandler
                0x1a00022a                GPIO2_IRQHandler
                0x1a00022a                I2S1_IRQHandler
                0x1a00022a                SSP1_IRQHandler
                0x1a00022a                USB0_IRQHandler
                0x1a00022a                GPIO3_IRQHandler
                0x1a00022a                SCT_IRQHandler
                0x1a00022a                ADC0_IRQHandler
                0x1a00022a                WDT_IRQHandler
                0x1a00022a                GPIO7_IRQHandler
                0x1a00022a                SPIFI_IRQHandler
                0x1a00022a                QEI_IRQHandler
                0x1a00022a                ETH_IRQHandler
                0x1a00022a                CAN0_IRQHandler
                0x1a00022a                GINT0_IRQHandler
                0x1a00022a                DAC_IRQHandler
                0x1a00022a                M0SUB_IRQHandler
                0x1a00022a                GPIO0_IRQHandler
                0x1a00022a                DMA_IRQHandler
                0x1a00022a                EVRT_IRQHandler
                0x1a00022a                TIMER2_IRQHandler
                0x1a00022a                UART3_IRQHandler
                0x1a00022a                MCPWM_IRQHandler
                0x1a00022a                M0APP_IRQHandler
                0x1a00022a                GINT1_IRQHandler
                0x1a00022a                GPIO4_IRQHandler
 *(.text*)
 .text.vListInsertEnd
                0x1a000230       0x48 ./freertos/src/list.o
                0x1a000230                vListInsertEnd
 .text.uxListRemove
                0x1a000278       0x54 ./freertos/src/list.o
                0x1a000278                uxListRemove
 .text.SVC_Handler
                0x1a0002cc       0x24 ./freertos/src/port.o
                0x1a0002cc                SVC_Handler
 .text.ulPortSetInterruptMask
                0x1a0002f0       0x12 ./freertos/src/port.o
                0x1a0002f0                ulPortSetInterruptMask
 .text.vPortClearInterruptMask
                0x1a000302        0x8 ./freertos/src/port.o
                0x1a000302                vPortClearInterruptMask
 *fill*         0x1a00030a        0x2 ff
 .text.PendSV_Handler
                0x1a00030c       0x5c ./freertos/src/port.o
                0x1a00030c                PendSV_Handler
 .text.SysTick_Handler
                0x1a000368       0x28 ./freertos/src/port.o
                0x1a000368                SysTick_Handler
 .text.xTaskIncrementTick
                0x1a000390      0x15c ./freertos/src/tasks.o
                0x1a000390                xTaskIncrementTick
 .text.vTaskSwitchContext
                0x1a0004ec       0x9c ./freertos/src/tasks.o
                0x1a0004ec                vTaskSwitchContext
 .text.prvResetNextTaskUnblockTime
                0x1a000588       0x4c ./freertos/src/tasks.o
 .text.NVIC_EnableIRQ
                0x1a0005d4       0x34 ./example/src/blinky.o
 .text.NVIC_DisableIRQ
                0x1a000608       0x34 ./example/src/blinky.o
 .text.NVIC_SetPriority
                0x1a00063c       0x54 ./example/src/blinky.o
 .text.Chip_SCU_PinMuxSet
                0x1a000690       0x34 ./example/src/blinky.o
 .text.Chip_SCU_PinMux
                0x1a0006c4       0x3a ./example/src/blinky.o
 .text.Chip_GPIO_SetPinState
                0x1a0006fe       0x38 ./example/src/blinky.o
 .text.Chip_GPIO_GetPinState
                0x1a000736       0x36 ./example/src/blinky.o
 .text.Chip_GPIO_SetPinDIROutput
                0x1a00076c       0x3e ./example/src/blinky.o
 .text.Chip_GPIO_SetPinDIRInput
                0x1a0007aa       0x40 ./example/src/blinky.o
 .text.Chip_GPIO_SetPinToggle
                0x1a0007ea       0x32 ./example/src/blinky.o
 .text.Chip_SSP_Enable
                0x1a00081c       0x20 ./example/src/blinky.o
 .text.Chip_SSP_SetFormat
                0x1a00083c       0x32 ./example/src/blinky.o
 .text.Chip_UART_TXEnable
                0x1a00086e       0x1a ./example/src/blinky.o
 .text.Chip_UART_IntEnable
                0x1a000888       0x22 ./example/src/blinky.o
 *fill*         0x1a0008aa        0x2 ff
 .text.prvSetupHardware
                0x1a0008ac      0x1ac ./example/src/blinky.o
 .text.delay    0x1a000a58       0x4c ./example/src/blinky.o
                0x1a000a58                delay
 .text.UART_Init
                0x1a000aa4       0x50 ./example/src/blinky.o
                0x1a000aa4                UART_Init
 .text.Config_SSP
                0x1a000af4       0x8c ./example/src/blinky.o
                0x1a000af4                Config_SSP
 .text.enviar   0x1a000b80       0x58 ./example/src/blinky.o
 .text.AD9833setFrequency
                0x1a000bd8       0xb4 ./example/src/blinky.o
                0x1a000bd8                AD9833setFrequency
 .text.actualiza_func
                0x1a000c8c      0x398 ./example/src/blinky.o
                0x1a000c8c                actualiza_func
 .text.AD9833reset
                0x1a001024       0x14 ./example/src/blinky.o
                0x1a001024                AD9833reset
 .text.main     0x1a001038      0x284 ./example/src/blinky.o
                0x1a001038                main
 .text.ResetISR
                0x1a0012bc       0xc4 ./example/src/cr_startup_lpc43xx.o
                0x1a0012bc                ResetISR
 .text.SystemInit
                0x1a001380       0x28 ./example/src/sysinit.o
                0x1a001380                SystemInit
 .text.Chip_SCU_PinMuxSet
                0x1a0013a8       0x34 C:\Users\Alan\Documents\MCUXpressoIDE_11.0.1_2563\workspace_3\lpc_board_nxp_lpcxpresso_4337\Debug\liblpc_board_nxp_lpcxpresso_4337.a(board.o)
 .text.Chip_ENET_RMIIEnable
                0x1a0013dc       0x28 C:\Users\Alan\Documents\MCUXpressoIDE_11.0.1_2563\workspace_3\lpc_board_nxp_lpcxpresso_4337\Debug\liblpc_board_nxp_lpcxpresso_4337.a(board.o)
 .text.Chip_GPIO_SetPinState
                0x1a001404       0x38 C:\Users\Alan\Documents\MCUXpressoIDE_11.0.1_2563\workspace_3\lpc_board_nxp_lpcxpresso_4337\Debug\liblpc_board_nxp_lpcxpresso_4337.a(board.o)
 .text.Chip_GPIO_SetPinDIROutput
                0x1a00143c       0x3e C:\Users\Alan\Documents\MCUXpressoIDE_11.0.1_2563\workspace_3\lpc_board_nxp_lpcxpresso_4337\Debug\liblpc_board_nxp_lpcxpresso_4337.a(board.o)
 .text.Chip_UART_TXEnable
                0x1a00147a       0x1a C:\Users\Alan\Documents\MCUXpressoIDE_11.0.1_2563\workspace_3\lpc_board_nxp_lpcxpresso_4337\Debug\liblpc_board_nxp_lpcxpresso_4337.a(board.o)
 .text.Chip_UART_SendByte
                0x1a001494       0x1e C:\Users\Alan\Documents\MCUXpressoIDE_11.0.1_2563\workspace_3\lpc_board_nxp_lpcxpresso_4337\Debug\liblpc_board_nxp_lpcxpresso_4337.a(board.o)
 .text.Chip_UART_ConfigData
                0x1a0014b2       0x1c C:\Users\Alan\Documents\MCUXpressoIDE_11.0.1_2563\workspace_3\lpc_board_nxp_lpcxpresso_4337\Debug\liblpc_board_nxp_lpcxpresso_4337.a(board.o)
 .text.Chip_UART_ReadLineStatus
                0x1a0014ce       0x18 C:\Users\Alan\Documents\MCUXpressoIDE_11.0.1_2563\workspace_3\lpc_board_nxp_lpcxpresso_4337\Debug\liblpc_board_nxp_lpcxpresso_4337.a(board.o)
 .text.__sys_write
                0x1a0014e6       0x38 C:\Users\Alan\Documents\MCUXpressoIDE_11.0.1_2563\workspace_3\lpc_board_nxp_lpcxpresso_4337\Debug\liblpc_board_nxp_lpcxpresso_4337.a(board.o)
                0x1a0014e6                __sys_write
 .text.Board_UART_Init
                0x1a00151e       0x24 C:\Users\Alan\Documents\MCUXpressoIDE_11.0.1_2563\workspace_3\lpc_board_nxp_lpcxpresso_4337\Debug\liblpc_board_nxp_lpcxpresso_4337.a(board.o)
                0x1a00151e                Board_UART_Init
 *fill*         0x1a001542        0x2 ff
 .text.Board_Debug_Init
                0x1a001544       0x30 C:\Users\Alan\Documents\MCUXpressoIDE_11.0.1_2563\workspace_3\lpc_board_nxp_lpcxpresso_4337\Debug\liblpc_board_nxp_lpcxpresso_4337.a(board.o)
                0x1a001544                Board_Debug_Init
 .text.Board_UARTPutChar
                0x1a001574       0x34 C:\Users\Alan\Documents\MCUXpressoIDE_11.0.1_2563\workspace_3\lpc_board_nxp_lpcxpresso_4337\Debug\liblpc_board_nxp_lpcxpresso_4337.a(board.o)
                0x1a001574                Board_UARTPutChar
 .text.Board_LED_Init
                0x1a0015a8       0x5c C:\Users\Alan\Documents\MCUXpressoIDE_11.0.1_2563\workspace_3\lpc_board_nxp_lpcxpresso_4337\Debug\liblpc_board_nxp_lpcxpresso_4337.a(board.o)
 .text.Board_Init
                0x1a001604       0x24 C:\Users\Alan\Documents\MCUXpressoIDE_11.0.1_2563\workspace_3\lpc_board_nxp_lpcxpresso_4337\Debug\liblpc_board_nxp_lpcxpresso_4337.a(board.o)
                0x1a001604                Board_Init
 .text.Board_SSP_Init
                0x1a001628       0x6c C:\Users\Alan\Documents\MCUXpressoIDE_11.0.1_2563\workspace_3\lpc_board_nxp_lpcxpresso_4337\Debug\liblpc_board_nxp_lpcxpresso_4337.a(board.o)
                0x1a001628                Board_SSP_Init
 .text.Chip_SCU_PinMuxSet
                0x1a001694       0x34 C:\Users\Alan\Documents\MCUXpressoIDE_11.0.1_2563\workspace_3\lpc_board_nxp_lpcxpresso_4337\Debug\liblpc_board_nxp_lpcxpresso_4337.a(board_sysinit.o)
 .text.Chip_SCU_SetPinMuxing
                0x1a0016c8       0x4a C:\Users\Alan\Documents\MCUXpressoIDE_11.0.1_2563\workspace_3\lpc_board_nxp_lpcxpresso_4337\Debug\liblpc_board_nxp_lpcxpresso_4337.a(board_sysinit.o)
 *fill*         0x1a001712        0x2 ff
 .text.Chip_CREG_SetFlashAcceleration
                0x1a001714       0x54 C:\Users\Alan\Documents\MCUXpressoIDE_11.0.1_2563\workspace_3\lpc_board_nxp_lpcxpresso_4337\Debug\liblpc_board_nxp_lpcxpresso_4337.a(board_sysinit.o)
 .text.Board_SetupMuxing
                0x1a001768       0x14 C:\Users\Alan\Documents\MCUXpressoIDE_11.0.1_2563\workspace_3\lpc_board_nxp_lpcxpresso_4337\Debug\liblpc_board_nxp_lpcxpresso_4337.a(board_sysinit.o)
                0x1a001768                Board_SetupMuxing
 .text.Board_SetupClocking
                0x1a00177c       0x80 C:\Users\Alan\Documents\MCUXpressoIDE_11.0.1_2563\workspace_3\lpc_board_nxp_lpcxpresso_4337\Debug\liblpc_board_nxp_lpcxpresso_4337.a(board_sysinit.o)
                0x1a00177c                Board_SetupClocking
 .text.Board_SystemInit
                0x1a0017fc       0x10 C:\Users\Alan\Documents\MCUXpressoIDE_11.0.1_2563\workspace_3\lpc_board_nxp_lpcxpresso_4337\Debug\liblpc_board_nxp_lpcxpresso_4337.a(board_sysinit.o)
                0x1a0017fc                Board_SystemInit
 .text.SystemCoreClockUpdate
                0x1a00180c       0x18 C:\Users\Alan\Documents\MCUXpressoIDE_11.0.1_2563\workspace_3\lpc_chip_43xx\Debug\liblpc_chip_43xx.a(chip_18xx_43xx.o)
                0x1a00180c                SystemCoreClockUpdate
 .text.ABS      0x1a001824       0x22 C:\Users\Alan\Documents\MCUXpressoIDE_11.0.1_2563\workspace_3\lpc_chip_43xx\Debug\liblpc_chip_43xx.a(clock_18xx_43xx.o)
 *fill*         0x1a001846        0x2 ff
 .text.pll_calc_divs
                0x1a001848      0x124 C:\Users\Alan\Documents\MCUXpressoIDE_11.0.1_2563\workspace_3\lpc_chip_43xx\Debug\liblpc_chip_43xx.a(clock_18xx_43xx.o)
 .text.pll_get_frac
                0x1a00196c      0x176 C:\Users\Alan\Documents\MCUXpressoIDE_11.0.1_2563\workspace_3\lpc_chip_43xx\Debug\liblpc_chip_43xx.a(clock_18xx_43xx.o)
 .text.Chip_Clock_GetDivRate
                0x1a001ae2       0x40 C:\Users\Alan\Documents\MCUXpressoIDE_11.0.1_2563\workspace_3\lpc_chip_43xx\Debug\liblpc_chip_43xx.a(clock_18xx_43xx.o)
 *fill*         0x1a001b22        0x2 ff
 .text.Chip_Clock_FindBaseClock
                0x1a001b24       0x90 C:\Users\Alan\Documents\MCUXpressoIDE_11.0.1_2563\workspace_3\lpc_chip_43xx\Debug\liblpc_chip_43xx.a(clock_18xx_43xx.o)
 .text.Chip_Clock_EnableCrystal
                0x1a001bb4       0x70 C:\Users\Alan\Documents\MCUXpressoIDE_11.0.1_2563\workspace_3\lpc_chip_43xx\Debug\liblpc_chip_43xx.a(clock_18xx_43xx.o)
                0x1a001bb4                Chip_Clock_EnableCrystal
 .text.Chip_Clock_CalcMainPLLValue
                0x1a001c24       0xd8 C:\Users\Alan\Documents\MCUXpressoIDE_11.0.1_2563\workspace_3\lpc_chip_43xx\Debug\liblpc_chip_43xx.a(clock_18xx_43xx.o)
                0x1a001c24                Chip_Clock_CalcMainPLLValue
 .text.Chip_Clock_GetMainPLLHz
                0x1a001cfc       0xc0 C:\Users\Alan\Documents\MCUXpressoIDE_11.0.1_2563\workspace_3\lpc_chip_43xx\Debug\liblpc_chip_43xx.a(clock_18xx_43xx.o)
                0x1a001cfc                Chip_Clock_GetMainPLLHz
 .text.Chip_Clock_GetDividerSource
                0x1a001dbc       0x40 C:\Users\Alan\Documents\MCUXpressoIDE_11.0.1_2563\workspace_3\lpc_chip_43xx\Debug\liblpc_chip_43xx.a(clock_18xx_43xx.o)
                0x1a001dbc                Chip_Clock_GetDividerSource
 .text.Chip_Clock_GetDividerDivisor
                0x1a001dfc       0x38 C:\Users\Alan\Documents\MCUXpressoIDE_11.0.1_2563\workspace_3\lpc_chip_43xx\Debug\liblpc_chip_43xx.a(clock_18xx_43xx.o)
                0x1a001dfc                Chip_Clock_GetDividerDivisor
 .text.Chip_Clock_GetClockInputHz
                0x1a001e34      0x140 C:\Users\Alan\Documents\MCUXpressoIDE_11.0.1_2563\workspace_3\lpc_chip_43xx\Debug\liblpc_chip_43xx.a(clock_18xx_43xx.o)
                0x1a001e34                Chip_Clock_GetClockInputHz
 .text.Chip_Clock_GetBaseClocktHz
                0x1a001f74       0x24 C:\Users\Alan\Documents\MCUXpressoIDE_11.0.1_2563\workspace_3\lpc_chip_43xx\Debug\liblpc_chip_43xx.a(clock_18xx_43xx.o)
                0x1a001f74                Chip_Clock_GetBaseClocktHz
 .text.Chip_Clock_SetBaseClock
                0x1a001f98       0x9c C:\Users\Alan\Documents\MCUXpressoIDE_11.0.1_2563\workspace_3\lpc_chip_43xx\Debug\liblpc_chip_43xx.a(clock_18xx_43xx.o)
                0x1a001f98                Chip_Clock_SetBaseClock
 .text.Chip_Clock_GetBaseClock
                0x1a002034       0x4c C:\Users\Alan\Documents\MCUXpressoIDE_11.0.1_2563\workspace_3\lpc_chip_43xx\Debug\liblpc_chip_43xx.a(clock_18xx_43xx.o)
                0x1a002034                Chip_Clock_GetBaseClock
 .text.Chip_Clock_EnableOpts
                0x1a002080       0x7c C:\Users\Alan\Documents\MCUXpressoIDE_11.0.1_2563\workspace_3\lpc_chip_43xx\Debug\liblpc_chip_43xx.a(clock_18xx_43xx.o)
                0x1a002080                Chip_Clock_EnableOpts
 .text.Chip_Clock_Enable
                0x1a0020fc       0x60 C:\Users\Alan\Documents\MCUXpressoIDE_11.0.1_2563\workspace_3\lpc_chip_43xx\Debug\liblpc_chip_43xx.a(clock_18xx_43xx.o)
                0x1a0020fc                Chip_Clock_Enable
 .text.Chip_Clock_GetRate
                0x1a00215c       0x88 C:\Users\Alan\Documents\MCUXpressoIDE_11.0.1_2563\workspace_3\lpc_chip_43xx\Debug\liblpc_chip_43xx.a(clock_18xx_43xx.o)
                0x1a00215c                Chip_Clock_GetRate
 .text.fpuInit  0x1a0021e4       0x74 C:\Users\Alan\Documents\MCUXpressoIDE_11.0.1_2563\workspace_3\lpc_chip_43xx\Debug\liblpc_chip_43xx.a(fpu_init.o)
                0x1a0021e4                fpuInit
 .text.Chip_GPDMA_Init
                0x1a002258       0x6c C:\Users\Alan\Documents\MCUXpressoIDE_11.0.1_2563\workspace_3\lpc_chip_43xx\Debug\liblpc_chip_43xx.a(gpdma_18xx_43xx.o)
                0x1a002258                Chip_GPDMA_Init
 .text.Chip_GPIO_Init
                0x1a0022c4       0x14 C:\Users\Alan\Documents\MCUXpressoIDE_11.0.1_2563\workspace_3\lpc_chip_43xx\Debug\liblpc_chip_43xx.a(gpio_18xx_43xx.o)
                0x1a0022c4                Chip_GPIO_Init
 .text.Chip_SSP_GetStatus
                0x1a0022d8       0x2a C:\Users\Alan\Documents\MCUXpressoIDE_11.0.1_2563\workspace_3\lpc_chip_43xx\Debug\liblpc_chip_43xx.a(ssp_18xx_43xx.o)
 .text.Chip_SSP_GetRawIntStatus
                0x1a002302       0x2a C:\Users\Alan\Documents\MCUXpressoIDE_11.0.1_2563\workspace_3\lpc_chip_43xx\Debug\liblpc_chip_43xx.a(ssp_18xx_43xx.o)
 .text.Chip_SSP_GetDataSize
                0x1a00232c       0x20 C:\Users\Alan\Documents\MCUXpressoIDE_11.0.1_2563\workspace_3\lpc_chip_43xx\Debug\liblpc_chip_43xx.a(ssp_18xx_43xx.o)
 .text.Chip_SSP_ClearIntPending
                0x1a00234c       0x1e C:\Users\Alan\Documents\MCUXpressoIDE_11.0.1_2563\workspace_3\lpc_chip_43xx\Debug\liblpc_chip_43xx.a(ssp_18xx_43xx.o)
 .text.Chip_SSP_ReceiveFrame
                0x1a00236a       0x1a C:\Users\Alan\Documents\MCUXpressoIDE_11.0.1_2563\workspace_3\lpc_chip_43xx\Debug\liblpc_chip_43xx.a(ssp_18xx_43xx.o)
 .text.Chip_SSP_SendFrame
                0x1a002384       0x1e C:\Users\Alan\Documents\MCUXpressoIDE_11.0.1_2563\workspace_3\lpc_chip_43xx\Debug\liblpc_chip_43xx.a(ssp_18xx_43xx.o)
 .text.Chip_SSP_SetFormat
                0x1a0023a2       0x32 C:\Users\Alan\Documents\MCUXpressoIDE_11.0.1_2563\workspace_3\lpc_chip_43xx\Debug\liblpc_chip_43xx.a(ssp_18xx_43xx.o)
 .text.Chip_SSP_Set_Mode
                0x1a0023d4       0x26 C:\Users\Alan\Documents\MCUXpressoIDE_11.0.1_2563\workspace_3\lpc_chip_43xx\Debug\liblpc_chip_43xx.a(ssp_18xx_43xx.o)
 *fill*         0x1a0023fa        0x2 ff
 .text.Chip_SSP_GetClockIndex
                0x1a0023fc       0x2c C:\Users\Alan\Documents\MCUXpressoIDE_11.0.1_2563\workspace_3\lpc_chip_43xx\Debug\liblpc_chip_43xx.a(ssp_18xx_43xx.o)
 .text.Chip_SSP_GetPeriphClockIndex
                0x1a002428       0x30 C:\Users\Alan\Documents\MCUXpressoIDE_11.0.1_2563\workspace_3\lpc_chip_43xx\Debug\liblpc_chip_43xx.a(ssp_18xx_43xx.o)
 .text.Chip_SSP_SetClockRate
                0x1a002458       0x36 C:\Users\Alan\Documents\MCUXpressoIDE_11.0.1_2563\workspace_3\lpc_chip_43xx\Debug\liblpc_chip_43xx.a(ssp_18xx_43xx.o)
                0x1a002458                Chip_SSP_SetClockRate
 .text.Chip_SSP_WriteFrames_Blocking
                0x1a00248e      0x134 C:\Users\Alan\Documents\MCUXpressoIDE_11.0.1_2563\workspace_3\lpc_chip_43xx\Debug\liblpc_chip_43xx.a(ssp_18xx_43xx.o)
                0x1a00248e                Chip_SSP_WriteFrames_Blocking
 .text.Chip_SSP_SetMaster
                0x1a0025c2       0x2c C:\Users\Alan\Documents\MCUXpressoIDE_11.0.1_2563\workspace_3\lpc_chip_43xx\Debug\liblpc_chip_43xx.a(ssp_18xx_43xx.o)
                0x1a0025c2                Chip_SSP_SetMaster
 .text.Chip_SSP_SetBitRate
                0x1a0025ee       0x74 C:\Users\Alan\Documents\MCUXpressoIDE_11.0.1_2563\workspace_3\lpc_chip_43xx\Debug\liblpc_chip_43xx.a(ssp_18xx_43xx.o)
                0x1a0025ee                Chip_SSP_SetBitRate
 *fill*         0x1a002662        0x2 ff
 .text.Chip_SSP_Init
                0x1a002664       0x4c C:\Users\Alan\Documents\MCUXpressoIDE_11.0.1_2563\workspace_3\lpc_chip_43xx\Debug\liblpc_chip_43xx.a(ssp_18xx_43xx.o)
                0x1a002664                Chip_SSP_Init
 .text.Chip_Clock_DisableMainPLL
                0x1a0026b0       0x20 C:\Users\Alan\Documents\MCUXpressoIDE_11.0.1_2563\workspace_3\lpc_chip_43xx\Debug\liblpc_chip_43xx.a(sysinit_18xx_43xx.o)
 .text.Chip_Clock_SetupMainPLL
                0x1a0026d0       0x44 C:\Users\Alan\Documents\MCUXpressoIDE_11.0.1_2563\workspace_3\lpc_chip_43xx\Debug\liblpc_chip_43xx.a(sysinit_18xx_43xx.o)
 .text.Chip_Clock_MainPLLLocked
                0x1a002714       0x24 C:\Users\Alan\Documents\MCUXpressoIDE_11.0.1_2563\workspace_3\lpc_chip_43xx\Debug\liblpc_chip_43xx.a(sysinit_18xx_43xx.o)
 .text.Chip_SetupCoreClock
                0x1a002738      0x15c C:\Users\Alan\Documents\MCUXpressoIDE_11.0.1_2563\workspace_3\lpc_chip_43xx\Debug\liblpc_chip_43xx.a(sysinit_18xx_43xx.o)
                0x1a002738                Chip_SetupCoreClock
 .text.Chip_UART_TXDisable
                0x1a002894       0x1a C:\Users\Alan\Documents\MCUXpressoIDE_11.0.1_2563\workspace_3\lpc_chip_43xx\Debug\liblpc_chip_43xx.a(uart_18xx_43xx.o)
 .text.Chip_UART_SendByte
                0x1a0028ae       0x1e C:\Users\Alan\Documents\MCUXpressoIDE_11.0.1_2563\workspace_3\lpc_chip_43xx\Debug\liblpc_chip_43xx.a(uart_18xx_43xx.o)
 .text.Chip_UART_SetupFIFOS
                0x1a0028cc       0x1c C:\Users\Alan\Documents\MCUXpressoIDE_11.0.1_2563\workspace_3\lpc_chip_43xx\Debug\liblpc_chip_43xx.a(uart_18xx_43xx.o)
 .text.Chip_UART_ConfigData
                0x1a0028e8       0x1c C:\Users\Alan\Documents\MCUXpressoIDE_11.0.1_2563\workspace_3\lpc_chip_43xx\Debug\liblpc_chip_43xx.a(uart_18xx_43xx.o)
 .text.Chip_UART_EnableDivisorAccess
                0x1a002904       0x20 C:\Users\Alan\Documents\MCUXpressoIDE_11.0.1_2563\workspace_3\lpc_chip_43xx\Debug\liblpc_chip_43xx.a(uart_18xx_43xx.o)
 .text.Chip_UART_DisableDivisorAccess
                0x1a002924       0x20 C:\Users\Alan\Documents\MCUXpressoIDE_11.0.1_2563\workspace_3\lpc_chip_43xx\Debug\liblpc_chip_43xx.a(uart_18xx_43xx.o)
 .text.Chip_UART_SetDivisorLatches
                0x1a002944       0x28 C:\Users\Alan\Documents\MCUXpressoIDE_11.0.1_2563\workspace_3\lpc_chip_43xx\Debug\liblpc_chip_43xx.a(uart_18xx_43xx.o)
 .text.Chip_UART_ReadLineStatus
                0x1a00296c       0x18 C:\Users\Alan\Documents\MCUXpressoIDE_11.0.1_2563\workspace_3\lpc_chip_43xx\Debug\liblpc_chip_43xx.a(uart_18xx_43xx.o)
 .text.Chip_UART_GetIndex
                0x1a002984       0x68 C:\Users\Alan\Documents\MCUXpressoIDE_11.0.1_2563\workspace_3\lpc_chip_43xx\Debug\liblpc_chip_43xx.a(uart_18xx_43xx.o)
 .text.Chip_UART_Init
                0x1a0029ec       0x84 C:\Users\Alan\Documents\MCUXpressoIDE_11.0.1_2563\workspace_3\lpc_chip_43xx\Debug\liblpc_chip_43xx.a(uart_18xx_43xx.o)
                0x1a0029ec                Chip_UART_Init
 .text.Chip_UART_Send
                0x1a002a70       0x50 C:\Users\Alan\Documents\MCUXpressoIDE_11.0.1_2563\workspace_3\lpc_chip_43xx\Debug\liblpc_chip_43xx.a(uart_18xx_43xx.o)
                0x1a002a70                Chip_UART_Send
 .text.Chip_UART_SendBlocking
                0x1a002ac0       0x4a C:\Users\Alan\Documents\MCUXpressoIDE_11.0.1_2563\workspace_3\lpc_chip_43xx\Debug\liblpc_chip_43xx.a(uart_18xx_43xx.o)
                0x1a002ac0                Chip_UART_SendBlocking
 *fill*         0x1a002b0a        0x2 ff
 .text.Chip_UART_SetBaud
                0x1a002b0c       0x6c C:\Users\Alan\Documents\MCUXpressoIDE_11.0.1_2563\workspace_3\lpc_chip_43xx\Debug\liblpc_chip_43xx.a(uart_18xx_43xx.o)
                0x1a002b0c                Chip_UART_SetBaud
 .text.Chip_UART_SetBaudFDR
                0x1a002b78      0x16c C:\Users\Alan\Documents\MCUXpressoIDE_11.0.1_2563\workspace_3\lpc_chip_43xx\Debug\liblpc_chip_43xx.a(uart_18xx_43xx.o)
                0x1a002b78                Chip_UART_SetBaudFDR
 .text.__main   0x1a002ce4        0xe c:/nxp/mcuxpressoide_11.0.1_2563/ide/plugins/com.nxp.mcuxpresso.tools.win32_11.0.1.201907311258/tools/bin/../lib/gcc/arm-none-eabi/8.2.1/../../../../arm-none-eabi/lib/thumb/v7e-m+fp/softfp\libcr_nohost.a(_cr__main.o)
                0x1a002ce4                __main
 .text.memset   0x1a002cf2        0x4 c:/nxp/mcuxpressoide_11.0.1_2563/ide/plugins/com.nxp.mcuxpresso.tools.win32_11.0.1.201907311258/tools/bin/../lib/gcc/arm-none-eabi/8.2.1/../../../../arm-none-eabi/lib/thumb/v7e-m+fp/softfp\libcr_c.a(memset.o)
                0x1a002cf2                memset
 .text.free     0x1a002cf6       0x30 c:/nxp/mcuxpressoide_11.0.1_2563/ide/plugins/com.nxp.mcuxpresso.tools.win32_11.0.1.201907311258/tools/bin/../lib/gcc/arm-none-eabi/8.2.1/../../../../arm-none-eabi/lib/thumb/v7e-m+fp/softfp\libcr_c.a(alloc.o)
                0x1a002cf6                free
 *fill*         0x1a002d26        0x2 ff
 .text._initio  0x1a002d28       0x78 c:/nxp/mcuxpressoide_11.0.1_2563/ide/plugins/com.nxp.mcuxpresso.tools.win32_11.0.1.201907311258/tools/bin/../lib/gcc/arm-none-eabi/8.2.1/../../../../arm-none-eabi/lib/thumb/v7e-m+fp/softfp\libcr_c.a(initio.o)
                0x1a002d28                _initio
 .text.pow      0x1a002da0      0x54c c:/nxp/mcuxpressoide_11.0.1_2563/ide/plugins/com.nxp.mcuxpresso.tools.win32_11.0.1.201907311258/tools/bin/../lib/gcc/arm-none-eabi/8.2.1/../../../../arm-none-eabi/lib/thumb/v7e-m+fp/softfp\libcr_c.a(pow.o)
                0x1a002da0                pow
 .text.setvbuf  0x1a0032ec       0x40 c:/nxp/mcuxpressoide_11.0.1_2563/ide/plugins/com.nxp.mcuxpresso.tools.win32_11.0.1.201907311258/tools/bin/../lib/gcc/arm-none-eabi/8.2.1/../../../../arm-none-eabi/lib/thumb/v7e-m+fp/softfp\libcr_c.a(setvbuf.o)
                0x1a0032ec                setvbuf
 .text.strlen   0x1a00332c       0x4c c:/nxp/mcuxpressoide_11.0.1_2563/ide/plugins/com.nxp.mcuxpresso.tools.win32_11.0.1.201907311258/tools/bin/../lib/gcc/arm-none-eabi/8.2.1/../../../../arm-none-eabi/lib/thumb/v7e-m+fp/softfp\libcr_c.a(strlen.o)
                0x1a00332c                strlen
 .text._deferredlazyseek
                0x1a003378       0x40 c:/nxp/mcuxpressoide_11.0.1_2563/ide/plugins/com.nxp.mcuxpresso.tools.win32_11.0.1.201907311258/tools/bin/../lib/gcc/arm-none-eabi/8.2.1/../../../../arm-none-eabi/lib/thumb/v7e-m+fp/softfp\libcr_c.a(_deferredlazyseek.o)
                0x1a003378                _deferredlazyseek
 .text._fdopen  0x1a0033b8       0x68 c:/nxp/mcuxpressoide_11.0.1_2563/ide/plugins/com.nxp.mcuxpresso.tools.win32_11.0.1.201907311258/tools/bin/../lib/gcc/arm-none-eabi/8.2.1/../../../../arm-none-eabi/lib/thumb/v7e-m+fp/softfp\libcr_c.a(_fdopen.o)
                0x1a0033b8                _fdopen
 .text._fflush  0x1a003420       0x52 c:/nxp/mcuxpressoide_11.0.1_2563/ide/plugins/com.nxp.mcuxpresso.tools.win32_11.0.1.201907311258/tools/bin/../lib/gcc/arm-none-eabi/8.2.1/../../../../arm-none-eabi/lib/thumb/v7e-m+fp/softfp\libcr_c.a(_fflush.o)
                0x1a003420                _fflush
 *fill*         0x1a003472        0x2 ff
 .text._Cwritebuf
                0x1a003474       0x6c c:/nxp/mcuxpressoide_11.0.1_2563/ide/plugins/com.nxp.mcuxpresso.tools.win32_11.0.1.201907311258/tools/bin/../lib/gcc/arm-none-eabi/8.2.1/../../../../arm-none-eabi/lib/thumb/v7e-m+fp/softfp\libcr_c.a(_writebuf.o)
                0x1a003474                _Cwritebuf
 .text.fclose   0x1a0034e0       0x58 c:/nxp/mcuxpressoide_11.0.1_2563/ide/plugins/com.nxp.mcuxpresso.tools.win32_11.0.1.201907311258/tools/bin/../lib/gcc/arm-none-eabi/8.2.1/../../../../arm-none-eabi/lib/thumb/v7e-m+fp/softfp\libcr_c.a(fclose.o)
                0x1a0034e0                fclose
 .text.fflush   0x1a003538       0x44 c:/nxp/mcuxpressoide_11.0.1_2563/ide/plugins/com.nxp.mcuxpresso.tools.win32_11.0.1.201907311258/tools/bin/../lib/gcc/arm-none-eabi/8.2.1/../../../../arm-none-eabi/lib/thumb/v7e-m+fp/softfp\libcr_c.a(fflush.o)
                0x1a003538                fflush
 .text.frexp    0x1a00357c       0x56 c:/nxp/mcuxpressoide_11.0.1_2563/ide/plugins/com.nxp.mcuxpresso.tools.win32_11.0.1.201907311258/tools/bin/../lib/gcc/arm-none-eabi/8.2.1/../../../../arm-none-eabi/lib/thumb/v7e-m+fp/softfp\libcr_c.a(frexp.o)
                0x1a00357c                frexp
 *fill*         0x1a0035d2        0x2 ff
 .text.fseek    0x1a0035d4      0x100 c:/nxp/mcuxpressoide_11.0.1_2563/ide/plugins/com.nxp.mcuxpresso.tools.win32_11.0.1.201907311258/tools/bin/../lib/gcc/arm-none-eabi/8.2.1/../../../../arm-none-eabi/lib/thumb/v7e-m+fp/softfp\libcr_c.a(fseek.o)
                0x1a0035d4                fseek
 .text.ftell    0x1a0036d4       0x48 c:/nxp/mcuxpressoide_11.0.1_2563/ide/plugins/com.nxp.mcuxpresso.tools.win32_11.0.1.201907311258/tools/bin/../lib/gcc/arm-none-eabi/8.2.1/../../../../arm-none-eabi/lib/thumb/v7e-m+fp/softfp\libcr_c.a(ftell.o)
                0x1a0036d4                ftell
 .text.ldexp    0x1a00371c       0x48 c:/nxp/mcuxpressoide_11.0.1_2563/ide/plugins/com.nxp.mcuxpresso.tools.win32_11.0.1.201907311258/tools/bin/../lib/gcc/arm-none-eabi/8.2.1/../../../../arm-none-eabi/lib/thumb/v7e-m+fp/softfp\libcr_c.a(ldexp.o)
                0x1a00371c                ldexp
 .text.remove   0x1a003764       0x14 c:/nxp/mcuxpressoide_11.0.1_2563/ide/plugins/com.nxp.mcuxpresso.tools.win32_11.0.1.201907311258/tools/bin/../lib/gcc/arm-none-eabi/8.2.1/../../../../arm-none-eabi/lib/thumb/v7e-m+fp/softfp\libcr_c.a(remove.o)
                0x1a003764                remove
 .text._do_fflush
                0x1a003778       0x40 c:/nxp/mcuxpressoide_11.0.1_2563/ide/plugins/com.nxp.mcuxpresso.tools.win32_11.0.1.201907311258/tools/bin/../lib/gcc/arm-none-eabi/8.2.1/../../../../arm-none-eabi/lib/thumb/v7e-m+fp/softfp\libcr_c.a(_do_fflush.o)
                0x1a003778                _do_fflush
 .text.__aeabi_division_uldivmod
                0x1a0037b8      0x174 c:/nxp/mcuxpressoide_11.0.1_2563/ide/plugins/com.nxp.mcuxpresso.tools.win32_11.0.1.201907311258/tools/bin/../lib/gcc/arm-none-eabi/8.2.1/thumb/v7e-m+fp/softfp\libcr_eabihelpers.a(division_64.o)
                0x1a0037b8                __aeabi_uldivmod
                0x1a0037bc                __bhs_ldivmod1
 .text.__aeabi_division_idiv0
                0x1a00392c        0x2 c:/nxp/mcuxpressoide_11.0.1_2563/ide/plugins/com.nxp.mcuxpresso.tools.win32_11.0.1.201907311258/tools/bin/../lib/gcc/arm-none-eabi/8.2.1/thumb/v7e-m+fp/softfp\libcr_eabihelpers.a(division_idiv0.o)
                0x1a00392c                __aeabi_idiv0
 *fill*         0x1a00392e        0x2 ff
 .text.__aeabi_dmul
                0x1a003930      0x114 c:/nxp/mcuxpressoide_11.0.1_2563/ide/plugins/com.nxp.mcuxpresso.tools.win32_11.0.1.201907311258/tools/bin/../lib/gcc/arm-none-eabi/8.2.1/thumb/v7e-m+fp/softfp\libcr_eabihelpers.a(double.o)
                0x1a003930                __aeabi_dmul
 .text.__aeabi_ddiv
                0x1a003a44      0x150 c:/nxp/mcuxpressoide_11.0.1_2563/ide/plugins/com.nxp.mcuxpresso.tools.win32_11.0.1.201907311258/tools/bin/../lib/gcc/arm-none-eabi/8.2.1/thumb/v7e-m+fp/softfp\libcr_eabihelpers.a(double.o)
                0x1a003a44                __aeabi_ddiv
 .text.__aeabi_dsub
                0x1a003b94      0x1ac c:/nxp/mcuxpressoide_11.0.1_2563/ide/plugins/com.nxp.mcuxpresso.tools.win32_11.0.1.201907311258/tools/bin/../lib/gcc/arm-none-eabi/8.2.1/thumb/v7e-m+fp/softfp\libcr_eabihelpers.a(double.o)
                0x1a003b94                __aeabi_dsub
 .text.__aeabi_dadd
                0x1a003d40      0x114 c:/nxp/mcuxpressoide_11.0.1_2563/ide/plugins/com.nxp.mcuxpresso.tools.win32_11.0.1.201907311258/tools/bin/../lib/gcc/arm-none-eabi/8.2.1/thumb/v7e-m+fp/softfp\libcr_eabihelpers.a(double.o)
                0x1a003d40                __aeabi_dadd
 .text.__aeabi_d2iz
                0x1a003e54       0x40 c:/nxp/mcuxpressoide_11.0.1_2563/ide/plugins/com.nxp.mcuxpresso.tools.win32_11.0.1.201907311258/tools/bin/../lib/gcc/arm-none-eabi/8.2.1/thumb/v7e-m+fp/softfp\libcr_eabihelpers.a(double.o)
                0x1a003e54                __aeabi_d2iz
 .text.__bhs_ui2d
                0x1a003e94       0x46 c:/nxp/mcuxpressoide_11.0.1_2563/ide/plugins/com.nxp.mcuxpresso.tools.win32_11.0.1.201907311258/tools/bin/../lib/gcc/arm-none-eabi/8.2.1/thumb/v7e-m+fp/softfp\libcr_eabihelpers.a(double.o)
                0x1a003e94                __bhs_ui2d
 .text.__aeabi_i2d
                0x1a003eda       0x12 c:/nxp/mcuxpressoide_11.0.1_2563/ide/plugins/com.nxp.mcuxpresso.tools.win32_11.0.1.201907311258/tools/bin/../lib/gcc/arm-none-eabi/8.2.1/thumb/v7e-m+fp/softfp\libcr_eabihelpers.a(double.o)
                0x1a003eda                __aeabi_i2d
 .text.__aeabi_dcmpeq
                0x1a003eec       0x2e c:/nxp/mcuxpressoide_11.0.1_2563/ide/plugins/com.nxp.mcuxpresso.tools.win32_11.0.1.201907311258/tools/bin/../lib/gcc/arm-none-eabi/8.2.1/thumb/v7e-m+fp/softfp\libcr_eabihelpers.a(double.o)
                0x1a003eec                __aeabi_dcmpeq
 .text.__aeabi_dcmplt
                0x1a003f1a       0x56 c:/nxp/mcuxpressoide_11.0.1_2563/ide/plugins/com.nxp.mcuxpresso.tools.win32_11.0.1.201907311258/tools/bin/../lib/gcc/arm-none-eabi/8.2.1/thumb/v7e-m+fp/softfp\libcr_eabihelpers.a(double.o)
                0x1a003f1a                __aeabi_dcmplt
 .text.__aeabi_dcmpgt
                0x1a003f70       0x56 c:/nxp/mcuxpressoide_11.0.1_2563/ide/plugins/com.nxp.mcuxpresso.tools.win32_11.0.1.201907311258/tools/bin/../lib/gcc/arm-none-eabi/8.2.1/thumb/v7e-m+fp/softfp\libcr_eabihelpers.a(double.o)
                0x1a003f70                __aeabi_dcmpgt
 .text.__aeabi_dcmple
                0x1a003fc6       0x56 c:/nxp/mcuxpressoide_11.0.1_2563/ide/plugins/com.nxp.mcuxpresso.tools.win32_11.0.1.201907311258/tools/bin/../lib/gcc/arm-none-eabi/8.2.1/thumb/v7e-m+fp/softfp\libcr_eabihelpers.a(double.o)
                0x1a003fc6                __aeabi_dcmple
 .text.__aeabi_dcmpge
                0x1a00401c       0x5c c:/nxp/mcuxpressoide_11.0.1_2563/ide/plugins/com.nxp.mcuxpresso.tools.win32_11.0.1.201907311258/tools/bin/../lib/gcc/arm-none-eabi/8.2.1/thumb/v7e-m+fp/softfp\libcr_eabihelpers.a(double.o)
                0x1a00401c                __aeabi_dcmpge
 .text.__aeabi_memset_lowlevel
                0x1a004078       0x32 c:/nxp/mcuxpressoide_11.0.1_2563/ide/plugins/com.nxp.mcuxpresso.tools.win32_11.0.1.201907311258/tools/bin/../lib/gcc/arm-none-eabi/8.2.1/thumb/v7e-m+fp/softfp\libcr_eabihelpers.a(memcpy.o)
                0x1a004078                __aeabi_lowlevel_memset
 .text.__sys_close
                0x1a0040aa        0x6 c:/nxp/mcuxpressoide_11.0.1_2563/ide/plugins/com.nxp.mcuxpresso.tools.win32_11.0.1.201907311258/tools/bin/../lib/gcc/arm-none-eabi/8.2.1/../../../../arm-none-eabi/lib/thumb/v7e-m+fp/softfp\libcr_nohost.a(__sys_close.o)
                0x1a0040aa                __sys_close
 .text.__sys_flen
                0x1a0040b0        0x6 c:/nxp/mcuxpressoide_11.0.1_2563/ide/plugins/com.nxp.mcuxpresso.tools.win32_11.0.1.201907311258/tools/bin/../lib/gcc/arm-none-eabi/8.2.1/../../../../arm-none-eabi/lib/thumb/v7e-m+fp/softfp\libcr_nohost.a(__sys_flen.o)
                0x1a0040b0                __sys_flen
 .text.__sys_istty
                0x1a0040b6        0x6 c:/nxp/mcuxpressoide_11.0.1_2563/ide/plugins/com.nxp.mcuxpresso.tools.win32_11.0.1.201907311258/tools/bin/../lib/gcc/arm-none-eabi/8.2.1/../../../../arm-none-eabi/lib/thumb/v7e-m+fp/softfp\libcr_nohost.a(__sys_istty.o)
                0x1a0040b6                __sys_istty
 .text.__sys_remove
                0x1a0040bc        0x6 c:/nxp/mcuxpressoide_11.0.1_2563/ide/plugins/com.nxp.mcuxpresso.tools.win32_11.0.1.201907311258/tools/bin/../lib/gcc/arm-none-eabi/8.2.1/../../../../arm-none-eabi/lib/thumb/v7e-m+fp/softfp\libcr_nohost.a(__sys_remove.o)
                0x1a0040bc                __sys_remove
 .text.__sys_seek
                0x1a0040c2        0x6 c:/nxp/mcuxpressoide_11.0.1_2563/ide/plugins/com.nxp.mcuxpresso.tools.win32_11.0.1.201907311258/tools/bin/../lib/gcc/arm-none-eabi/8.2.1/../../../../arm-none-eabi/lib/thumb/v7e-m+fp/softfp\libcr_nohost.a(__sys_seek.o)
                0x1a0040c2                __sys_seek
 .text.__sys_tmpnam
                0x1a0040c8        0x6 c:/nxp/mcuxpressoide_11.0.1_2563/ide/plugins/com.nxp.mcuxpresso.tools.win32_11.0.1.201907311258/tools/bin/../lib/gcc/arm-none-eabi/8.2.1/../../../../arm-none-eabi/lib/thumb/v7e-m+fp/softfp\libcr_nohost.a(__sys_tmpnam.o)
                0x1a0040c8                __sys_tmpnam
 *(.rodata .rodata.* .constdata .constdata.*)
 *fill*         0x1a0040ce        0x2 ff
 .rodata        0x1a0040d0        0x4 ./example/src/blinky.o
 .rodata.ExtRateIn
                0x1a0040d4        0x4 C:\Users\Alan\Documents\MCUXpressoIDE_11.0.1_2563\workspace_3\lpc_board_nxp_lpcxpresso_4337\Debug\liblpc_board_nxp_lpcxpresso_4337.a(board.o)
                0x1a0040d4                ExtRateIn
 .rodata.OscRateIn
                0x1a0040d8        0x4 C:\Users\Alan\Documents\MCUXpressoIDE_11.0.1_2563\workspace_3\lpc_board_nxp_lpcxpresso_4337\Debug\liblpc_board_nxp_lpcxpresso_4337.a(board.o)
                0x1a0040d8                OscRateIn
 .rodata.gpioLEDBits
                0x1a0040dc        0x6 C:\Users\Alan\Documents\MCUXpressoIDE_11.0.1_2563\workspace_3\lpc_board_nxp_lpcxpresso_4337\Debug\liblpc_board_nxp_lpcxpresso_4337.a(board.o)
 *fill*         0x1a0040e2        0x2 ff
 .rodata.InitClkStates
                0x1a0040e4        0xc C:\Users\Alan\Documents\MCUXpressoIDE_11.0.1_2563\workspace_3\lpc_board_nxp_lpcxpresso_4337\Debug\liblpc_board_nxp_lpcxpresso_4337.a(board_sysinit.o)
 .rodata.pinmuxing
                0x1a0040f0       0x34 C:\Users\Alan\Documents\MCUXpressoIDE_11.0.1_2563\workspace_3\lpc_board_nxp_lpcxpresso_4337\Debug\liblpc_board_nxp_lpcxpresso_4337.a(board_sysinit.o)
 .rodata.periph_to_base
                0x1a004124       0x6c C:\Users\Alan\Documents\MCUXpressoIDE_11.0.1_2563\workspace_3\lpc_chip_43xx\Debug\liblpc_chip_43xx.a(clock_18xx_43xx.o)
 .rodata        0x1a004190        0xa C:\Users\Alan\Documents\MCUXpressoIDE_11.0.1_2563\workspace_3\lpc_chip_43xx\Debug\liblpc_chip_43xx.a(clock_18xx_43xx.o)
 *fill*         0x1a00419a        0x2 ff
 .rodata.InitClkStates
                0x1a00419c       0x48 C:\Users\Alan\Documents\MCUXpressoIDE_11.0.1_2563\workspace_3\lpc_chip_43xx\Debug\liblpc_chip_43xx.a(sysinit_18xx_43xx.o)
 .rodata.UART_PClock
                0x1a0041e4        0x8 C:\Users\Alan\Documents\MCUXpressoIDE_11.0.1_2563\workspace_3\lpc_chip_43xx\Debug\liblpc_chip_43xx.a(uart_18xx_43xx.o)
 .rodata.UART_BClock
                0x1a0041ec        0x8 C:\Users\Alan\Documents\MCUXpressoIDE_11.0.1_2563\workspace_3\lpc_chip_43xx\Debug\liblpc_chip_43xx.a(uart_18xx_43xx.o)
 .rodata._initio.str1.1
                0x1a0041f4        0x4 c:/nxp/mcuxpressoide_11.0.1_2563/ide/plugins/com.nxp.mcuxpresso.tools.win32_11.0.1.201907311258/tools/bin/../lib/gcc/arm-none-eabi/8.2.1/../../../../arm-none-eabi/lib/thumb/v7e-m+fp/softfp\libcr_c.a(initio.o)
 .rodata.a1.5286
                0x1a0041f8       0x88 c:/nxp/mcuxpressoide_11.0.1_2563/ide/plugins/com.nxp.mcuxpresso.tools.win32_11.0.1.201907311258/tools/bin/../lib/gcc/arm-none-eabi/8.2.1/../../../../arm-none-eabi/lib/thumb/v7e-m+fp/softfp\libcr_c.a(pow.o)
 .rodata.a2.5287
                0x1a004280       0x40 c:/nxp/mcuxpressoide_11.0.1_2563/ide/plugins/com.nxp.mcuxpresso.tools.win32_11.0.1.201907311258/tools/bin/../lib/gcc/arm-none-eabi/8.2.1/../../../../arm-none-eabi/lib/thumb/v7e-m+fp/softfp\libcr_c.a(pow.o)
 .rodata.__num_Ciob_streams
                0x1a0042c0        0x4 c:/nxp/mcuxpressoide_11.0.1_2563/ide/plugins/com.nxp.mcuxpresso.tools.win32_11.0.1.201907311258/tools/bin/../lib/gcc/arm-none-eabi/8.2.1/../../../../arm-none-eabi/lib/thumb/v7e-m+fp/softfp\libcr_nohost.a(__ciob.o)
                0x1a0042c0                __num_Ciob_streams
                0x1a0042c4                . = ALIGN (0x4)

.glue_7         0x1a0042c4        0x0
 .glue_7        0x1a0042c4        0x0 linker stubs

.glue_7t        0x1a0042c4        0x0
 .glue_7t       0x1a0042c4        0x0 linker stubs

.vfp11_veneer   0x1a0042c4        0x0
 .vfp11_veneer  0x1a0042c4        0x0 linker stubs

.v4_bx          0x1a0042c4        0x0
 .v4_bx         0x1a0042c4        0x0 linker stubs

.iplt           0x1a0042c4        0x0
 .iplt          0x1a0042c4        0x0 ./freertos/src/list.o

.rel.dyn        0x1a0042c4        0x0
 .rel.iplt      0x1a0042c4        0x0 ./freertos/src/list.o

.ARM.extab
 *(.ARM.extab* .gnu.linkonce.armextab.*)
                0x1a0042c4                __exidx_start = .

.ARM.exidx
 *(.ARM.exidx* .gnu.linkonce.armexidx.*)
                0x1a0042c4                __exidx_end = .
                0x1a0042c4                _etext = .

.data_RAM2      0x10080000        0x0 load address 0x1a0042c4
 FILL mask 0xff
                [!provide]                PROVIDE (__start_data_RAM2 = .)
 *(.ramfunc.$RAM2)
 *(.ramfunc.$RamLoc40)
 *(.data.$RAM2)
 *(.data.$RamLoc40)
 *(.data.$RAM2.*)
 *(.data.$RamLoc40.*)
                0x10080000                . = ALIGN (0x4)
                [!provide]                PROVIDE (__end_data_RAM2 = .)

.data_RAM3      0x20000000        0x0 load address 0x1a0042c4
 FILL mask 0xff
                [!provide]                PROVIDE (__start_data_RAM3 = .)
 *(.ramfunc.$RAM3)
 *(.ramfunc.$RamAHB32)
 *(.data.$RAM3)
 *(.data.$RamAHB32)
 *(.data.$RAM3.*)
 *(.data.$RamAHB32.*)
                0x20000000                . = ALIGN (0x4)
                [!provide]                PROVIDE (__end_data_RAM3 = .)

.data_RAM4      0x20008000        0x0 load address 0x1a0042c4
 FILL mask 0xff
                [!provide]                PROVIDE (__start_data_RAM4 = .)
 *(.ramfunc.$RAM4)
 *(.ramfunc.$RamAHB16)
 *(.data.$RAM4)
 *(.data.$RamAHB16)
 *(.data.$RAM4.*)
 *(.data.$RamAHB16.*)
                0x20008000                . = ALIGN (0x4)
                [!provide]                PROVIDE (__end_data_RAM4 = .)

.data_RAM5      0x2000c000        0x0 load address 0x1a0042c4
 FILL mask 0xff
                [!provide]                PROVIDE (__start_data_RAM5 = .)
 *(.ramfunc.$RAM5)
 *(.ramfunc.$RamAHB_ETB16)
 *(.data.$RAM5)
 *(.data.$RamAHB_ETB16)
 *(.data.$RAM5.*)
 *(.data.$RamAHB_ETB16.*)
                0x2000c000                . = ALIGN (0x4)
                [!provide]                PROVIDE (__end_data_RAM5 = .)

.uninit_RESERVED
                0x10000000        0x0
                0x10000000                . = ALIGN (0x4)
 *(.bss.$RESERVED*)
                0x10000000                . = ALIGN (0x4)
                0x10000000                _end_uninit_RESERVED = .

.data           0x10000000        0x8 load address 0x1a0042c4
 FILL mask 0xff
                0x10000000                _data = .
 *(vtable)
 *(.ramfunc*)
 *(CodeQuickAccess)
 *(DataQuickAccess)
 *(RamFunction)
 *(.data*)
 .data.xNextTaskUnblockTime
                0x10000000        0x4 ./freertos/src/tasks.o
 .data.counter  0x10000004        0x4 ./example/src/blinky.o
                0x10000004                counter
                0x10000008                . = ALIGN (0x4)
                0x10000008                _edata = .

.igot.plt       0x10000008        0x0 load address 0x1a0042cc
 .igot.plt      0x10000008        0x0 ./freertos/src/list.o

.bss_RAM2       0x10080000        0x0
                0x10080000                . = ALIGN (0x4)
                [!provide]                PROVIDE (__start_bss_RAM2 = .)
 *(.bss.$RAM2)
 *(.bss.$RamLoc40)
 *(.bss.$RAM2.*)
 *(.bss.$RamLoc40.*)
                0x10080000                . = ALIGN ((. != 0x0)?0x4:0x1)
                [!provide]                PROVIDE (__end_bss_RAM2 = .)

.bss_RAM3       0x20000000        0x0
                0x20000000                . = ALIGN (0x4)
                [!provide]                PROVIDE (__start_bss_RAM3 = .)
 *(.bss.$RAM3)
 *(.bss.$RamAHB32)
 *(.bss.$RAM3.*)
 *(.bss.$RamAHB32.*)
                0x20000000                . = ALIGN ((. != 0x0)?0x4:0x1)
                [!provide]                PROVIDE (__end_bss_RAM3 = .)

.bss_RAM4       0x20008000        0x0
                0x20008000                . = ALIGN (0x4)
                [!provide]                PROVIDE (__start_bss_RAM4 = .)
 *(.bss.$RAM4)
 *(.bss.$RamAHB16)
 *(.bss.$RAM4.*)
 *(.bss.$RamAHB16.*)
                0x20008000                . = ALIGN ((. != 0x0)?0x4:0x1)
                [!provide]                PROVIDE (__end_bss_RAM4 = .)

.bss_RAM5       0x2000c000        0x0
                0x2000c000                . = ALIGN (0x4)
                [!provide]                PROVIDE (__start_bss_RAM5 = .)
 *(.bss.$RAM5)
 *(.bss.$RamAHB_ETB16)
 *(.bss.$RAM5.*)
 *(.bss.$RamAHB_ETB16.*)
                0x2000c000                . = ALIGN ((. != 0x0)?0x4:0x1)
                [!provide]                PROVIDE (__end_bss_RAM5 = .)

.bss            0x10000008      0x2f8
                0x10000008                . = ALIGN (0x4)
                0x10000008                _bss = .
 *(.bss*)
 .bss.pxCurrentTCB
                0x10000008        0x4 ./freertos/src/tasks.o
                0x10000008                pxCurrentTCB
 .bss.pxReadyTasksLists
                0x1000000c       0xa0 ./freertos/src/tasks.o
 .bss.pxDelayedTaskList
                0x100000ac        0x4 ./freertos/src/tasks.o
 .bss.pxOverflowDelayedTaskList
                0x100000b0        0x4 ./freertos/src/tasks.o
 .bss.xTickCount
                0x100000b4        0x4 ./freertos/src/tasks.o
 .bss.uxTopReadyPriority
                0x100000b8        0x4 ./freertos/src/tasks.o
 .bss.uxPendedTicks
                0x100000bc        0x4 ./freertos/src/tasks.o
 .bss.xYieldPending
                0x100000c0        0x4 ./freertos/src/tasks.o
 .bss.xNumOfOverflows
                0x100000c4        0x4 ./freertos/src/tasks.o
 .bss.uxSchedulerSuspended
                0x100000c8        0x4 ./freertos/src/tasks.o
 .bss.Tx_Buf    0x100000cc        0x2 ./example/src/blinky.o
 *fill*         0x100000ce        0x2 
 .bss.Rx_Buf    0x100000d0        0x2 ./example/src/blinky.o
 *fill*         0x100000d2        0x2 
 .bss.ssp_format
                0x100000d4        0x3 ./example/src/blinky.o
 *fill*         0x100000d7        0x1 
 .bss.xf_setup  0x100000d8       0x14 ./example/src/blinky.o
 .bss.dato      0x100000ec        0x4 ./example/src/blinky.o
                0x100000ec                dato
 .bss.aux       0x100000f0        0x8 ./example/src/blinky.o
 .bss.counter_ant
                0x100000f8        0x4 ./example/src/blinky.o
                0x100000f8                counter_ant
 .bss.multi     0x100000fc        0x4 ./example/src/blinky.o
                0x100000fc                multi
 .bss.audio_usb_pll_freq
                0x10000100        0x8 C:\Users\Alan\Documents\MCUXpressoIDE_11.0.1_2563\workspace_3\lpc_chip_43xx\Debug\liblpc_chip_43xx.a(clock_18xx_43xx.o)
 .bss.ChannelHandlerArray
                0x10000108        0x8 C:\Users\Alan\Documents\MCUXpressoIDE_11.0.1_2563\workspace_3\lpc_chip_43xx\Debug\liblpc_chip_43xx.a(gpdma_18xx_43xx.o)
 .bss.errno     0x10000110        0x4 c:/nxp/mcuxpressoide_11.0.1_2563/ide/plugins/com.nxp.mcuxpresso.tools.win32_11.0.1.201907311258/tools/bin/../lib/gcc/arm-none-eabi/8.2.1/../../../../arm-none-eabi/lib/thumb/v7e-m+fp/softfp\libcr_c.a(errno.o)
                0x10000110                errno
 .bss.__Ciob    0x10000114      0x1e0 c:/nxp/mcuxpressoide_11.0.1_2563/ide/plugins/com.nxp.mcuxpresso.tools.win32_11.0.1.201907311258/tools/bin/../lib/gcc/arm-none-eabi/8.2.1/../../../../arm-none-eabi/lib/thumb/v7e-m+fp/softfp\libcr_nohost.a(__ciob.o)
                0x10000114                __Ciob
 *(COMMON)
 COMMON         0x100002f4        0x8 ./example/src/blinky.o
                0x100002f4                j
                0x100002f8                i
 COMMON         0x100002fc        0x4 C:\Users\Alan\Documents\MCUXpressoIDE_11.0.1_2563\workspace_3\lpc_chip_43xx\Debug\liblpc_chip_43xx.a(chip_18xx_43xx.o)
                0x100002fc                SystemCoreClock
                0x10000300                . = ALIGN (0x4)
                0x10000300                _ebss = .
                [!provide]                PROVIDE (end = .)

.noinit_RAM2    0x10080000        0x0
                0x10080000                . = ALIGN (0x4)
 *(.noinit.$RAM2)
 *(.noinit.$RamLoc40)
 *(.noinit.$RAM2.*)
 *(.noinit.$RamLoc40.*)
                0x10080000                . = ALIGN (0x4)

.noinit_RAM3    0x20000000        0x0
                0x20000000                . = ALIGN (0x4)
 *(.noinit.$RAM3)
 *(.noinit.$RamAHB32)
 *(.noinit.$RAM3.*)
 *(.noinit.$RamAHB32.*)
                0x20000000                . = ALIGN (0x4)

.noinit_RAM4    0x20008000        0x0
                0x20008000                . = ALIGN (0x4)
 *(.noinit.$RAM4)
 *(.noinit.$RamAHB16)
 *(.noinit.$RAM4.*)
 *(.noinit.$RamAHB16.*)
                0x20008000                . = ALIGN (0x4)

.noinit_RAM5    0x2000c000        0x0
                0x2000c000                . = ALIGN (0x4)
 *(.noinit.$RAM5)
 *(.noinit.$RamAHB_ETB16)
 *(.noinit.$RAM5.*)
 *(.noinit.$RamAHB_ETB16.*)
                0x2000c000                . = ALIGN (0x4)

.noinit         0x10000300        0x0
                0x10000300                . = ALIGN (0x4)
                0x10000300                _noinit = .
 *(.noinit*)
                0x10000300                . = ALIGN (0x4)
                0x10000300                _end_noinit = .
                0x10000300                PROVIDE (_pvHeapStart = DEFINED (__user_heap_base)?__user_heap_base:.)
                0x10008000                PROVIDE (_vStackTop = DEFINED (__user_stack_top)?__user_stack_top:(__top_RamLoc32 - 0x0))
                [!provide]                PROVIDE (__valid_user_code_checksum = (0x0 - ((((((_vStackTop + (ResetISR + 0x1)) + (NMI_Handler + 0x1)) + (HardFault_Handler + 0x1)) + (DEFINED (MemManage_Handler)?MemManage_Handler:0x0 + 0x1)) + (DEFINED (BusFault_Handler)?BusFault_Handler:0x0 + 0x1)) + (DEFINED (UsageFault_Handler)?UsageFault_Handler:0x0 + 0x1))))
                0x1a000000                _image_start = LOADADDR (.text)
                0x1a0042cc                _image_end = (LOADADDR (.data) + SIZEOF (.data))
                0x000042cc                _image_size = (_image_end - _image_start)
OUTPUT(freertos_final.axf elf32-littlearm)

.debug_info     0x00000000     0xd51c
 .debug_info    0x00000000      0x44a ./freertos/src/list.o
 .debug_info    0x0000044a      0x988 ./freertos/src/port.o
 .debug_info    0x00000dd2     0x19b6 ./freertos/src/tasks.o
 .debug_info    0x00002788     0x1a55 ./example/src/blinky.o
 .debug_info    0x000041dd      0x2bd ./example/src/cr_startup_lpc43xx.o
 .debug_info    0x0000449a      0x250 ./example/src/sysinit.o
 .debug_info    0x000046ea     0x1c1d C:\Users\Alan\Documents\MCUXpressoIDE_11.0.1_2563\workspace_3\lpc_board_nxp_lpcxpresso_4337\Debug\liblpc_board_nxp_lpcxpresso_4337.a(board.o)
 .debug_info    0x00006307      0xd0c C:\Users\Alan\Documents\MCUXpressoIDE_11.0.1_2563\workspace_3\lpc_board_nxp_lpcxpresso_4337\Debug\liblpc_board_nxp_lpcxpresso_4337.a(board_sysinit.o)
 .debug_info    0x00007013      0xacc C:\Users\Alan\Documents\MCUXpressoIDE_11.0.1_2563\workspace_3\lpc_chip_43xx\Debug\liblpc_chip_43xx.a(chip_18xx_43xx.o)
 .debug_info    0x00007adf     0x16c2 C:\Users\Alan\Documents\MCUXpressoIDE_11.0.1_2563\workspace_3\lpc_chip_43xx\Debug\liblpc_chip_43xx.a(clock_18xx_43xx.o)
 .debug_info    0x000091a1      0x164 C:\Users\Alan\Documents\MCUXpressoIDE_11.0.1_2563\workspace_3\lpc_chip_43xx\Debug\liblpc_chip_43xx.a(fpu_init.o)
 .debug_info    0x00009305     0x178b C:\Users\Alan\Documents\MCUXpressoIDE_11.0.1_2563\workspace_3\lpc_chip_43xx\Debug\liblpc_chip_43xx.a(gpdma_18xx_43xx.o)
 .debug_info    0x0000aa90      0x248 C:\Users\Alan\Documents\MCUXpressoIDE_11.0.1_2563\workspace_3\lpc_chip_43xx\Debug\liblpc_chip_43xx.a(gpio_18xx_43xx.o)
 .debug_info    0x0000acd8      0xce3 C:\Users\Alan\Documents\MCUXpressoIDE_11.0.1_2563\workspace_3\lpc_chip_43xx\Debug\liblpc_chip_43xx.a(ssp_18xx_43xx.o)
 .debug_info    0x0000b9bb      0x99f C:\Users\Alan\Documents\MCUXpressoIDE_11.0.1_2563\workspace_3\lpc_chip_43xx\Debug\liblpc_chip_43xx.a(sysinit_18xx_43xx.o)
 .debug_info    0x0000c35a     0x11c2 C:\Users\Alan\Documents\MCUXpressoIDE_11.0.1_2563\workspace_3\lpc_chip_43xx\Debug\liblpc_chip_43xx.a(uart_18xx_43xx.o)

.debug_abbrev   0x00000000     0x2242
 .debug_abbrev  0x00000000      0x136 ./freertos/src/list.o
 .debug_abbrev  0x00000136      0x247 ./freertos/src/port.o
 .debug_abbrev  0x0000037d      0x2c9 ./freertos/src/tasks.o
 .debug_abbrev  0x00000646      0x394 ./example/src/blinky.o
 .debug_abbrev  0x000009da      0x120 ./example/src/cr_startup_lpc43xx.o
 .debug_abbrev  0x00000afa       0xeb ./example/src/sysinit.o
 .debug_abbrev  0x00000be5      0x3b0 C:\Users\Alan\Documents\MCUXpressoIDE_11.0.1_2563\workspace_3\lpc_board_nxp_lpcxpresso_4337\Debug\liblpc_board_nxp_lpcxpresso_4337.a(board.o)
 .debug_abbrev  0x00000f95      0x1f9 C:\Users\Alan\Documents\MCUXpressoIDE_11.0.1_2563\workspace_3\lpc_board_nxp_lpcxpresso_4337\Debug\liblpc_board_nxp_lpcxpresso_4337.a(board_sysinit.o)
 .debug_abbrev  0x0000118e      0x19b C:\Users\Alan\Documents\MCUXpressoIDE_11.0.1_2563\workspace_3\lpc_chip_43xx\Debug\liblpc_chip_43xx.a(chip_18xx_43xx.o)
 .debug_abbrev  0x00001329      0x31b C:\Users\Alan\Documents\MCUXpressoIDE_11.0.1_2563\workspace_3\lpc_chip_43xx\Debug\liblpc_chip_43xx.a(clock_18xx_43xx.o)
 .debug_abbrev  0x00001644       0xb4 C:\Users\Alan\Documents\MCUXpressoIDE_11.0.1_2563\workspace_3\lpc_chip_43xx\Debug\liblpc_chip_43xx.a(fpu_init.o)
 .debug_abbrev  0x000016f8      0x285 C:\Users\Alan\Documents\MCUXpressoIDE_11.0.1_2563\workspace_3\lpc_chip_43xx\Debug\liblpc_chip_43xx.a(gpdma_18xx_43xx.o)
 .debug_abbrev  0x0000197d      0x120 C:\Users\Alan\Documents\MCUXpressoIDE_11.0.1_2563\workspace_3\lpc_chip_43xx\Debug\liblpc_chip_43xx.a(gpio_18xx_43xx.o)
 .debug_abbrev  0x00001a9d      0x29d C:\Users\Alan\Documents\MCUXpressoIDE_11.0.1_2563\workspace_3\lpc_chip_43xx\Debug\liblpc_chip_43xx.a(ssp_18xx_43xx.o)
 .debug_abbrev  0x00001d3a      0x1d1 C:\Users\Alan\Documents\MCUXpressoIDE_11.0.1_2563\workspace_3\lpc_chip_43xx\Debug\liblpc_chip_43xx.a(sysinit_18xx_43xx.o)
 .debug_abbrev  0x00001f0b      0x337 C:\Users\Alan\Documents\MCUXpressoIDE_11.0.1_2563\workspace_3\lpc_chip_43xx\Debug\liblpc_chip_43xx.a(uart_18xx_43xx.o)

.debug_aranges  0x00000000      0xa30
 .debug_aranges
                0x00000000       0x40 ./freertos/src/list.o
 .debug_aranges
                0x00000040       0x98 ./freertos/src/port.o
 .debug_aranges
                0x000000d8      0x190 ./freertos/src/tasks.o
 .debug_aranges
                0x00000268       0xd0 ./example/src/blinky.o
 .debug_aranges
                0x00000338       0x80 ./example/src/cr_startup_lpc43xx.o
 .debug_aranges
                0x000003b8       0x20 ./example/src/sysinit.o
 .debug_aranges
                0x000003d8      0x170 C:\Users\Alan\Documents\MCUXpressoIDE_11.0.1_2563\workspace_3\lpc_board_nxp_lpcxpresso_4337\Debug\liblpc_board_nxp_lpcxpresso_4337.a(board.o)
 .debug_aranges
                0x00000548       0x48 C:\Users\Alan\Documents\MCUXpressoIDE_11.0.1_2563\workspace_3\lpc_board_nxp_lpcxpresso_4337\Debug\liblpc_board_nxp_lpcxpresso_4337.a(board_sysinit.o)
 .debug_aranges
                0x00000590       0x40 C:\Users\Alan\Documents\MCUXpressoIDE_11.0.1_2563\workspace_3\lpc_chip_43xx\Debug\liblpc_chip_43xx.a(chip_18xx_43xx.o)
 .debug_aranges
                0x000005d0      0x138 C:\Users\Alan\Documents\MCUXpressoIDE_11.0.1_2563\workspace_3\lpc_chip_43xx\Debug\liblpc_chip_43xx.a(clock_18xx_43xx.o)
 .debug_aranges
                0x00000708       0x20 C:\Users\Alan\Documents\MCUXpressoIDE_11.0.1_2563\workspace_3\lpc_chip_43xx\Debug\liblpc_chip_43xx.a(fpu_init.o)
 .debug_aranges
                0x00000728       0x90 C:\Users\Alan\Documents\MCUXpressoIDE_11.0.1_2563\workspace_3\lpc_chip_43xx\Debug\liblpc_chip_43xx.a(gpdma_18xx_43xx.o)
 .debug_aranges
                0x000007b8       0x28 C:\Users\Alan\Documents\MCUXpressoIDE_11.0.1_2563\workspace_3\lpc_chip_43xx\Debug\liblpc_chip_43xx.a(gpio_18xx_43xx.o)
 .debug_aranges
                0x000007e0       0xe8 C:\Users\Alan\Documents\MCUXpressoIDE_11.0.1_2563\workspace_3\lpc_chip_43xx\Debug\liblpc_chip_43xx.a(ssp_18xx_43xx.o)
 .debug_aranges
                0x000008c8       0x50 C:\Users\Alan\Documents\MCUXpressoIDE_11.0.1_2563\workspace_3\lpc_chip_43xx\Debug\liblpc_chip_43xx.a(sysinit_18xx_43xx.o)
 .debug_aranges
                0x00000918      0x118 C:\Users\Alan\Documents\MCUXpressoIDE_11.0.1_2563\workspace_3\lpc_chip_43xx\Debug\liblpc_chip_43xx.a(uart_18xx_43xx.o)

.debug_ranges   0x00000000      0x960
 .debug_ranges  0x00000000       0x30 ./freertos/src/list.o
 .debug_ranges  0x00000030       0x88 ./freertos/src/port.o
 .debug_ranges  0x000000b8      0x180 ./freertos/src/tasks.o
 .debug_ranges  0x00000238       0xc0 ./example/src/blinky.o
 .debug_ranges  0x000002f8       0x70 ./example/src/cr_startup_lpc43xx.o
 .debug_ranges  0x00000368       0x10 ./example/src/sysinit.o
 .debug_ranges  0x00000378      0x160 C:\Users\Alan\Documents\MCUXpressoIDE_11.0.1_2563\workspace_3\lpc_board_nxp_lpcxpresso_4337\Debug\liblpc_board_nxp_lpcxpresso_4337.a(board.o)
 .debug_ranges  0x000004d8       0x38 C:\Users\Alan\Documents\MCUXpressoIDE_11.0.1_2563\workspace_3\lpc_board_nxp_lpcxpresso_4337\Debug\liblpc_board_nxp_lpcxpresso_4337.a(board_sysinit.o)
 .debug_ranges  0x00000510       0x30 C:\Users\Alan\Documents\MCUXpressoIDE_11.0.1_2563\workspace_3\lpc_chip_43xx\Debug\liblpc_chip_43xx.a(chip_18xx_43xx.o)
 .debug_ranges  0x00000540      0x140 C:\Users\Alan\Documents\MCUXpressoIDE_11.0.1_2563\workspace_3\lpc_chip_43xx\Debug\liblpc_chip_43xx.a(clock_18xx_43xx.o)
 .debug_ranges  0x00000680       0x10 C:\Users\Alan\Documents\MCUXpressoIDE_11.0.1_2563\workspace_3\lpc_chip_43xx\Debug\liblpc_chip_43xx.a(fpu_init.o)
 .debug_ranges  0x00000690       0x80 C:\Users\Alan\Documents\MCUXpressoIDE_11.0.1_2563\workspace_3\lpc_chip_43xx\Debug\liblpc_chip_43xx.a(gpdma_18xx_43xx.o)
 .debug_ranges  0x00000710       0x18 C:\Users\Alan\Documents\MCUXpressoIDE_11.0.1_2563\workspace_3\lpc_chip_43xx\Debug\liblpc_chip_43xx.a(gpio_18xx_43xx.o)
 .debug_ranges  0x00000728       0xd8 C:\Users\Alan\Documents\MCUXpressoIDE_11.0.1_2563\workspace_3\lpc_chip_43xx\Debug\liblpc_chip_43xx.a(ssp_18xx_43xx.o)
 .debug_ranges  0x00000800       0x40 C:\Users\Alan\Documents\MCUXpressoIDE_11.0.1_2563\workspace_3\lpc_chip_43xx\Debug\liblpc_chip_43xx.a(sysinit_18xx_43xx.o)
 .debug_ranges  0x00000840      0x120 C:\Users\Alan\Documents\MCUXpressoIDE_11.0.1_2563\workspace_3\lpc_chip_43xx\Debug\liblpc_chip_43xx.a(uart_18xx_43xx.o)

.debug_macro    0x00000000     0x3f72
 .debug_macro   0x00000000      0x390 ./freertos/src/list.o
 .debug_macro   0x00000390      0x434 ./freertos/src/port.o
 .debug_macro   0x000007c4      0x43c ./freertos/src/tasks.o
 .debug_macro   0x00000c00       0x16 ./freertos/src/tasks.o
 .debug_macro   0x00000c16      0x38b ./example/src/blinky.o
 .debug_macro   0x00000fa1       0x7b ./example/src/blinky.o
 .debug_macro   0x0000101c       0x18 ./example/src/blinky.o
 .debug_macro   0x00001034      0x18b ./example/src/blinky.o
 .debug_macro   0x000011bf       0x16 ./example/src/blinky.o
 .debug_macro   0x000011d5       0x12 ./example/src/blinky.o
 .debug_macro   0x000011e7       0xc4 ./example/src/blinky.o
 .debug_macro   0x000012ab       0xa5 ./example/src/blinky.o
 .debug_macro   0x00001350       0x1d ./example/src/cr_startup_lpc43xx.o
 .debug_macro   0x0000136d      0x310 ./example/src/sysinit.o
 .debug_macro   0x0000167d      0x336 C:\Users\Alan\Documents\MCUXpressoIDE_11.0.1_2563\workspace_3\lpc_board_nxp_lpcxpresso_4337\Debug\liblpc_board_nxp_lpcxpresso_4337.a(board.o)
 .debug_macro   0x000019b3      0xaa8 C:\Users\Alan\Documents\MCUXpressoIDE_11.0.1_2563\workspace_3\lpc_board_nxp_lpcxpresso_4337\Debug\liblpc_board_nxp_lpcxpresso_4337.a(board.o)
 .debug_macro   0x0000245b       0x12 C:\Users\Alan\Documents\MCUXpressoIDE_11.0.1_2563\workspace_3\lpc_board_nxp_lpcxpresso_4337\Debug\liblpc_board_nxp_lpcxpresso_4337.a(board.o)
 .debug_macro   0x0000246d      0x339 C:\Users\Alan\Documents\MCUXpressoIDE_11.0.1_2563\workspace_3\lpc_board_nxp_lpcxpresso_4337\Debug\liblpc_board_nxp_lpcxpresso_4337.a(board.o)
 .debug_macro   0x000027a6      0x310 C:\Users\Alan\Documents\MCUXpressoIDE_11.0.1_2563\workspace_3\lpc_board_nxp_lpcxpresso_4337\Debug\liblpc_board_nxp_lpcxpresso_4337.a(board_sysinit.o)
 .debug_macro   0x00002ab6      0x2da C:\Users\Alan\Documents\MCUXpressoIDE_11.0.1_2563\workspace_3\lpc_chip_43xx\Debug\liblpc_chip_43xx.a(chip_18xx_43xx.o)
 .debug_macro   0x00002d90      0x2e0 C:\Users\Alan\Documents\MCUXpressoIDE_11.0.1_2563\workspace_3\lpc_chip_43xx\Debug\liblpc_chip_43xx.a(clock_18xx_43xx.o)
 .debug_macro   0x00003070       0xc0 C:\Users\Alan\Documents\MCUXpressoIDE_11.0.1_2563\workspace_3\lpc_chip_43xx\Debug\liblpc_chip_43xx.a(fpu_init.o)
 .debug_macro   0x00003130      0x2da C:\Users\Alan\Documents\MCUXpressoIDE_11.0.1_2563\workspace_3\lpc_chip_43xx\Debug\liblpc_chip_43xx.a(gpdma_18xx_43xx.o)
 .debug_macro   0x0000340a      0x2da C:\Users\Alan\Documents\MCUXpressoIDE_11.0.1_2563\workspace_3\lpc_chip_43xx\Debug\liblpc_chip_43xx.a(gpio_18xx_43xx.o)
 .debug_macro   0x000036e4      0x2da C:\Users\Alan\Documents\MCUXpressoIDE_11.0.1_2563\workspace_3\lpc_chip_43xx\Debug\liblpc_chip_43xx.a(ssp_18xx_43xx.o)
 .debug_macro   0x000039be      0x2da C:\Users\Alan\Documents\MCUXpressoIDE_11.0.1_2563\workspace_3\lpc_chip_43xx\Debug\liblpc_chip_43xx.a(sysinit_18xx_43xx.o)
 .debug_macro   0x00003c98      0x2da C:\Users\Alan\Documents\MCUXpressoIDE_11.0.1_2563\workspace_3\lpc_chip_43xx\Debug\liblpc_chip_43xx.a(uart_18xx_43xx.o)

.debug_line     0x00000000     0xa26c
 .debug_line    0x00000000      0x91d ./freertos/src/list.o
 .debug_line    0x0000091d      0xb07 ./freertos/src/port.o
 .debug_line    0x00001424     0x1645 ./freertos/src/tasks.o
 .debug_line    0x00002a69      0xd1a ./example/src/blinky.o
 .debug_line    0x00003783      0x1aa ./example/src/cr_startup_lpc43xx.o
 .debug_line    0x0000392d      0x750 ./example/src/sysinit.o
 .debug_line    0x0000407d      0xcb0 C:\Users\Alan\Documents\MCUXpressoIDE_11.0.1_2563\workspace_3\lpc_board_nxp_lpcxpresso_4337\Debug\liblpc_board_nxp_lpcxpresso_4337.a(board.o)
 .debug_line    0x00004d2d      0x7f8 C:\Users\Alan\Documents\MCUXpressoIDE_11.0.1_2563\workspace_3\lpc_board_nxp_lpcxpresso_4337\Debug\liblpc_board_nxp_lpcxpresso_4337.a(board_sysinit.o)
 .debug_line    0x00005525      0x708 C:\Users\Alan\Documents\MCUXpressoIDE_11.0.1_2563\workspace_3\lpc_chip_43xx\Debug\liblpc_chip_43xx.a(chip_18xx_43xx.o)
 .debug_line    0x00005c2d     0x1007 C:\Users\Alan\Documents\MCUXpressoIDE_11.0.1_2563\workspace_3\lpc_chip_43xx\Debug\liblpc_chip_43xx.a(clock_18xx_43xx.o)
 .debug_line    0x00006c34      0x29f C:\Users\Alan\Documents\MCUXpressoIDE_11.0.1_2563\workspace_3\lpc_chip_43xx\Debug\liblpc_chip_43xx.a(fpu_init.o)
 .debug_line    0x00006ed3      0xc38 C:\Users\Alan\Documents\MCUXpressoIDE_11.0.1_2563\workspace_3\lpc_chip_43xx\Debug\liblpc_chip_43xx.a(gpdma_18xx_43xx.o)
 .debug_line    0x00007b0b      0x672 C:\Users\Alan\Documents\MCUXpressoIDE_11.0.1_2563\workspace_3\lpc_chip_43xx\Debug\liblpc_chip_43xx.a(gpio_18xx_43xx.o)
 .debug_line    0x0000817d      0xce8 C:\Users\Alan\Documents\MCUXpressoIDE_11.0.1_2563\workspace_3\lpc_chip_43xx\Debug\liblpc_chip_43xx.a(ssp_18xx_43xx.o)
 .debug_line    0x00008e65      0x805 C:\Users\Alan\Documents\MCUXpressoIDE_11.0.1_2563\workspace_3\lpc_chip_43xx\Debug\liblpc_chip_43xx.a(sysinit_18xx_43xx.o)
 .debug_line    0x0000966a      0xc02 C:\Users\Alan\Documents\MCUXpressoIDE_11.0.1_2563\workspace_3\lpc_chip_43xx\Debug\liblpc_chip_43xx.a(uart_18xx_43xx.o)

.debug_str      0x00000000    0x1f8fb
 .debug_str     0x00000000    0x184e5 ./freertos/src/list.o
                              0x1861a (size before relaxing)
 .debug_str     0x000184e5     0x157a ./freertos/src/port.o
                              0x19a3d (size before relaxing)
 .debug_str     0x00019a5f     0x1734 ./freertos/src/tasks.o
                              0x1ab62 (size before relaxing)
 .debug_str     0x0001b193     0x1885 ./example/src/blinky.o
                              0x1844c (size before relaxing)
 .debug_str     0x0001ca18      0x1cf ./example/src/cr_startup_lpc43xx.o
                               0x302a (size before relaxing)
 .debug_str     0x0001cbe7       0x23 ./example/src/sysinit.o
                              0x16059 (size before relaxing)
 .debug_str     0x0001cc0a     0x16ab C:\Users\Alan\Documents\MCUXpressoIDE_11.0.1_2563\workspace_3\lpc_board_nxp_lpcxpresso_4337\Debug\liblpc_board_nxp_lpcxpresso_4337.a(board.o)
                              0x184cc (size before relaxing)
 .debug_str     0x0001e2b5      0x125 C:\Users\Alan\Documents\MCUXpressoIDE_11.0.1_2563\workspace_3\lpc_board_nxp_lpcxpresso_4337\Debug\liblpc_board_nxp_lpcxpresso_4337.a(board_sysinit.o)
                              0x16df1 (size before relaxing)
 .debug_str     0x0001e3da       0xf3 C:\Users\Alan\Documents\MCUXpressoIDE_11.0.1_2563\workspace_3\lpc_chip_43xx\Debug\liblpc_chip_43xx.a(chip_18xx_43xx.o)
                              0x16659 (size before relaxing)
 .debug_str     0x0001e4cd      0x5e1 C:\Users\Alan\Documents\MCUXpressoIDE_11.0.1_2563\workspace_3\lpc_chip_43xx\Debug\liblpc_chip_43xx.a(clock_18xx_43xx.o)
                              0x16bd8 (size before relaxing)
 .debug_str     0x0001eaae       0xb5 C:\Users\Alan\Documents\MCUXpressoIDE_11.0.1_2563\workspace_3\lpc_chip_43xx\Debug\liblpc_chip_43xx.a(fpu_init.o)
                               0xa1ae (size before relaxing)
 .debug_str     0x0001eb63      0x5e5 C:\Users\Alan\Documents\MCUXpressoIDE_11.0.1_2563\workspace_3\lpc_chip_43xx\Debug\liblpc_chip_43xx.a(gpdma_18xx_43xx.o)
                              0x16c02 (size before relaxing)
 .debug_str     0x0001f148       0x38 C:\Users\Alan\Documents\MCUXpressoIDE_11.0.1_2563\workspace_3\lpc_chip_43xx\Debug\liblpc_chip_43xx.a(gpio_18xx_43xx.o)
                              0x1597f (size before relaxing)
 .debug_str     0x0001f180      0x3b8 C:\Users\Alan\Documents\MCUXpressoIDE_11.0.1_2563\workspace_3\lpc_chip_43xx\Debug\liblpc_chip_43xx.a(ssp_18xx_43xx.o)
                              0x1637b (size before relaxing)
 .debug_str     0x0001f538       0xb4 C:\Users\Alan\Documents\MCUXpressoIDE_11.0.1_2563\workspace_3\lpc_chip_43xx\Debug\liblpc_chip_43xx.a(sysinit_18xx_43xx.o)
                              0x16638 (size before relaxing)
 .debug_str     0x0001f5ec      0x30f C:\Users\Alan\Documents\MCUXpressoIDE_11.0.1_2563\workspace_3\lpc_chip_43xx\Debug\liblpc_chip_43xx.a(uart_18xx_43xx.o)
                              0x1679c (size before relaxing)

.comment        0x00000000       0x75
 .comment       0x00000000       0x75 ./freertos/src/list.o
                                 0x76 (size before relaxing)
 .comment       0x00000075       0x76 ./freertos/src/port.o
 .comment       0x00000075       0x76 ./freertos/src/tasks.o
 .comment       0x00000075       0x76 ./example/src/blinky.o
 .comment       0x00000075       0x76 ./example/src/cr_startup_lpc43xx.o
 .comment       0x00000075       0x76 ./example/src/sysinit.o
 .comment       0x00000075       0x76 C:\Users\Alan\Documents\MCUXpressoIDE_11.0.1_2563\workspace_3\lpc_board_nxp_lpcxpresso_4337\Debug\liblpc_board_nxp_lpcxpresso_4337.a(board.o)
 .comment       0x00000075       0x76 C:\Users\Alan\Documents\MCUXpressoIDE_11.0.1_2563\workspace_3\lpc_board_nxp_lpcxpresso_4337\Debug\liblpc_board_nxp_lpcxpresso_4337.a(board_sysinit.o)
 .comment       0x00000075       0x76 C:\Users\Alan\Documents\MCUXpressoIDE_11.0.1_2563\workspace_3\lpc_chip_43xx\Debug\liblpc_chip_43xx.a(chip_18xx_43xx.o)
 .comment       0x00000075       0x76 C:\Users\Alan\Documents\MCUXpressoIDE_11.0.1_2563\workspace_3\lpc_chip_43xx\Debug\liblpc_chip_43xx.a(clock_18xx_43xx.o)
 .comment       0x00000075       0x76 C:\Users\Alan\Documents\MCUXpressoIDE_11.0.1_2563\workspace_3\lpc_chip_43xx\Debug\liblpc_chip_43xx.a(fpu_init.o)
 .comment       0x00000075       0x76 C:\Users\Alan\Documents\MCUXpressoIDE_11.0.1_2563\workspace_3\lpc_chip_43xx\Debug\liblpc_chip_43xx.a(gpdma_18xx_43xx.o)
 .comment       0x00000075       0x76 C:\Users\Alan\Documents\MCUXpressoIDE_11.0.1_2563\workspace_3\lpc_chip_43xx\Debug\liblpc_chip_43xx.a(gpio_18xx_43xx.o)
 .comment       0x00000075       0x76 C:\Users\Alan\Documents\MCUXpressoIDE_11.0.1_2563\workspace_3\lpc_chip_43xx\Debug\liblpc_chip_43xx.a(ssp_18xx_43xx.o)
 .comment       0x00000075       0x76 C:\Users\Alan\Documents\MCUXpressoIDE_11.0.1_2563\workspace_3\lpc_chip_43xx\Debug\liblpc_chip_43xx.a(sysinit_18xx_43xx.o)
 .comment       0x00000075       0x76 C:\Users\Alan\Documents\MCUXpressoIDE_11.0.1_2563\workspace_3\lpc_chip_43xx\Debug\liblpc_chip_43xx.a(uart_18xx_43xx.o)
 .comment       0x00000075       0x76 c:/nxp/mcuxpressoide_11.0.1_2563/ide/plugins/com.nxp.mcuxpresso.tools.win32_11.0.1.201907311258/tools/bin/../lib/gcc/arm-none-eabi/8.2.1/../../../../arm-none-eabi/lib/thumb/v7e-m+fp/softfp\libcr_nohost.a(_cr__main.o)
 .comment       0x00000075       0x76 c:/nxp/mcuxpressoide_11.0.1_2563/ide/plugins/com.nxp.mcuxpresso.tools.win32_11.0.1.201907311258/tools/bin/../lib/gcc/arm-none-eabi/8.2.1/../../../../arm-none-eabi/lib/thumb/v7e-m+fp/softfp\libcr_c.a(memset.o)
 .comment       0x00000075       0x76 c:/nxp/mcuxpressoide_11.0.1_2563/ide/plugins/com.nxp.mcuxpresso.tools.win32_11.0.1.201907311258/tools/bin/../lib/gcc/arm-none-eabi/8.2.1/../../../../arm-none-eabi/lib/thumb/v7e-m+fp/softfp\libcr_c.a(alloc.o)
 .comment       0x00000075       0x76 c:/nxp/mcuxpressoide_11.0.1_2563/ide/plugins/com.nxp.mcuxpresso.tools.win32_11.0.1.201907311258/tools/bin/../lib/gcc/arm-none-eabi/8.2.1/../../../../arm-none-eabi/lib/thumb/v7e-m+fp/softfp\libcr_c.a(initio.o)
 .comment       0x00000075       0x76 c:/nxp/mcuxpressoide_11.0.1_2563/ide/plugins/com.nxp.mcuxpresso.tools.win32_11.0.1.201907311258/tools/bin/../lib/gcc/arm-none-eabi/8.2.1/../../../../arm-none-eabi/lib/thumb/v7e-m+fp/softfp\libcr_c.a(pow.o)
 .comment       0x00000075       0x76 c:/nxp/mcuxpressoide_11.0.1_2563/ide/plugins/com.nxp.mcuxpresso.tools.win32_11.0.1.201907311258/tools/bin/../lib/gcc/arm-none-eabi/8.2.1/../../../../arm-none-eabi/lib/thumb/v7e-m+fp/softfp\libcr_c.a(setvbuf.o)
 .comment       0x00000075       0x76 c:/nxp/mcuxpressoide_11.0.1_2563/ide/plugins/com.nxp.mcuxpresso.tools.win32_11.0.1.201907311258/tools/bin/../lib/gcc/arm-none-eabi/8.2.1/../../../../arm-none-eabi/lib/thumb/v7e-m+fp/softfp\libcr_c.a(strlen.o)
 .comment       0x00000075       0x76 c:/nxp/mcuxpressoide_11.0.1_2563/ide/plugins/com.nxp.mcuxpresso.tools.win32_11.0.1.201907311258/tools/bin/../lib/gcc/arm-none-eabi/8.2.1/../../../../arm-none-eabi/lib/thumb/v7e-m+fp/softfp\libcr_c.a(_deferredlazyseek.o)
 .comment       0x00000075       0x76 c:/nxp/mcuxpressoide_11.0.1_2563/ide/plugins/com.nxp.mcuxpresso.tools.win32_11.0.1.201907311258/tools/bin/../lib/gcc/arm-none-eabi/8.2.1/../../../../arm-none-eabi/lib/thumb/v7e-m+fp/softfp\libcr_c.a(_fdopen.o)
 .comment       0x00000075       0x76 c:/nxp/mcuxpressoide_11.0.1_2563/ide/plugins/com.nxp.mcuxpresso.tools.win32_11.0.1.201907311258/tools/bin/../lib/gcc/arm-none-eabi/8.2.1/../../../../arm-none-eabi/lib/thumb/v7e-m+fp/softfp\libcr_c.a(_fflush.o)
 .comment       0x00000075       0x76 c:/nxp/mcuxpressoide_11.0.1_2563/ide/plugins/com.nxp.mcuxpresso.tools.win32_11.0.1.201907311258/tools/bin/../lib/gcc/arm-none-eabi/8.2.1/../../../../arm-none-eabi/lib/thumb/v7e-m+fp/softfp\libcr_c.a(_writebuf.o)
 .comment       0x00000075       0x76 c:/nxp/mcuxpressoide_11.0.1_2563/ide/plugins/com.nxp.mcuxpresso.tools.win32_11.0.1.201907311258/tools/bin/../lib/gcc/arm-none-eabi/8.2.1/../../../../arm-none-eabi/lib/thumb/v7e-m+fp/softfp\libcr_c.a(errno.o)
 .comment       0x00000075       0x76 c:/nxp/mcuxpressoide_11.0.1_2563/ide/plugins/com.nxp.mcuxpresso.tools.win32_11.0.1.201907311258/tools/bin/../lib/gcc/arm-none-eabi/8.2.1/../../../../arm-none-eabi/lib/thumb/v7e-m+fp/softfp\libcr_c.a(fclose.o)
 .comment       0x00000075       0x76 c:/nxp/mcuxpressoide_11.0.1_2563/ide/plugins/com.nxp.mcuxpresso.tools.win32_11.0.1.201907311258/tools/bin/../lib/gcc/arm-none-eabi/8.2.1/../../../../arm-none-eabi/lib/thumb/v7e-m+fp/softfp\libcr_c.a(fflush.o)
 .comment       0x00000075       0x76 c:/nxp/mcuxpressoide_11.0.1_2563/ide/plugins/com.nxp.mcuxpresso.tools.win32_11.0.1.201907311258/tools/bin/../lib/gcc/arm-none-eabi/8.2.1/../../../../arm-none-eabi/lib/thumb/v7e-m+fp/softfp\libcr_c.a(frexp.o)
 .comment       0x00000075       0x76 c:/nxp/mcuxpressoide_11.0.1_2563/ide/plugins/com.nxp.mcuxpresso.tools.win32_11.0.1.201907311258/tools/bin/../lib/gcc/arm-none-eabi/8.2.1/../../../../arm-none-eabi/lib/thumb/v7e-m+fp/softfp\libcr_c.a(fseek.o)
 .comment       0x00000075       0x76 c:/nxp/mcuxpressoide_11.0.1_2563/ide/plugins/com.nxp.mcuxpresso.tools.win32_11.0.1.201907311258/tools/bin/../lib/gcc/arm-none-eabi/8.2.1/../../../../arm-none-eabi/lib/thumb/v7e-m+fp/softfp\libcr_c.a(ftell.o)
 .comment       0x00000075       0x76 c:/nxp/mcuxpressoide_11.0.1_2563/ide/plugins/com.nxp.mcuxpresso.tools.win32_11.0.1.201907311258/tools/bin/../lib/gcc/arm-none-eabi/8.2.1/../../../../arm-none-eabi/lib/thumb/v7e-m+fp/softfp\libcr_c.a(ldexp.o)
 .comment       0x00000075       0x76 c:/nxp/mcuxpressoide_11.0.1_2563/ide/plugins/com.nxp.mcuxpresso.tools.win32_11.0.1.201907311258/tools/bin/../lib/gcc/arm-none-eabi/8.2.1/../../../../arm-none-eabi/lib/thumb/v7e-m+fp/softfp\libcr_c.a(remove.o)
 .comment       0x00000075       0x76 c:/nxp/mcuxpressoide_11.0.1_2563/ide/plugins/com.nxp.mcuxpresso.tools.win32_11.0.1.201907311258/tools/bin/../lib/gcc/arm-none-eabi/8.2.1/../../../../arm-none-eabi/lib/thumb/v7e-m+fp/softfp\libcr_c.a(_do_fflush.o)
 .comment       0x00000075       0x76 c:/nxp/mcuxpressoide_11.0.1_2563/ide/plugins/com.nxp.mcuxpresso.tools.win32_11.0.1.201907311258/tools/bin/../lib/gcc/arm-none-eabi/8.2.1/thumb/v7e-m+fp/softfp\libcr_eabihelpers.a(double.o)
 .comment       0x00000075       0x76 c:/nxp/mcuxpressoide_11.0.1_2563/ide/plugins/com.nxp.mcuxpresso.tools.win32_11.0.1.201907311258/tools/bin/../lib/gcc/arm-none-eabi/8.2.1/../../../../arm-none-eabi/lib/thumb/v7e-m+fp/softfp\libcr_nohost.a(__ciob.o)
 .comment       0x00000075       0x76 c:/nxp/mcuxpressoide_11.0.1_2563/ide/plugins/com.nxp.mcuxpresso.tools.win32_11.0.1.201907311258/tools/bin/../lib/gcc/arm-none-eabi/8.2.1/../../../../arm-none-eabi/lib/thumb/v7e-m+fp/softfp\libcr_nohost.a(__sys_close.o)
 .comment       0x00000075       0x76 c:/nxp/mcuxpressoide_11.0.1_2563/ide/plugins/com.nxp.mcuxpresso.tools.win32_11.0.1.201907311258/tools/bin/../lib/gcc/arm-none-eabi/8.2.1/../../../../arm-none-eabi/lib/thumb/v7e-m+fp/softfp\libcr_nohost.a(__sys_flen.o)
 .comment       0x00000075       0x76 c:/nxp/mcuxpressoide_11.0.1_2563/ide/plugins/com.nxp.mcuxpresso.tools.win32_11.0.1.201907311258/tools/bin/../lib/gcc/arm-none-eabi/8.2.1/../../../../arm-none-eabi/lib/thumb/v7e-m+fp/softfp\libcr_nohost.a(__sys_istty.o)
 .comment       0x00000075       0x76 c:/nxp/mcuxpressoide_11.0.1_2563/ide/plugins/com.nxp.mcuxpresso.tools.win32_11.0.1.201907311258/tools/bin/../lib/gcc/arm-none-eabi/8.2.1/../../../../arm-none-eabi/lib/thumb/v7e-m+fp/softfp\libcr_nohost.a(__sys_remove.o)
 .comment       0x00000075       0x76 c:/nxp/mcuxpressoide_11.0.1_2563/ide/plugins/com.nxp.mcuxpresso.tools.win32_11.0.1.201907311258/tools/bin/../lib/gcc/arm-none-eabi/8.2.1/../../../../arm-none-eabi/lib/thumb/v7e-m+fp/softfp\libcr_nohost.a(__sys_seek.o)
 .comment       0x00000075       0x76 c:/nxp/mcuxpressoide_11.0.1_2563/ide/plugins/com.nxp.mcuxpresso.tools.win32_11.0.1.201907311258/tools/bin/../lib/gcc/arm-none-eabi/8.2.1/../../../../arm-none-eabi/lib/thumb/v7e-m+fp/softfp\libcr_nohost.a(__sys_tmpnam.o)

.ARM.attributes
                0x00000000       0x30
 .ARM.attributes
                0x00000000       0x32 ./freertos/src/list.o
 .ARM.attributes
                0x00000032       0x32 ./freertos/src/port.o
 .ARM.attributes
                0x00000064       0x32 ./freertos/src/tasks.o
 .ARM.attributes
                0x00000096       0x32 ./example/src/blinky.o
 .ARM.attributes
                0x000000c8       0x32 ./example/src/cr_startup_lpc43xx.o
 .ARM.attributes
                0x000000fa       0x32 ./example/src/sysinit.o
 .ARM.attributes
                0x0000012c       0x32 C:\Users\Alan\Documents\MCUXpressoIDE_11.0.1_2563\workspace_3\lpc_board_nxp_lpcxpresso_4337\Debug\liblpc_board_nxp_lpcxpresso_4337.a(board.o)
 .ARM.attributes
                0x0000015e       0x32 C:\Users\Alan\Documents\MCUXpressoIDE_11.0.1_2563\workspace_3\lpc_board_nxp_lpcxpresso_4337\Debug\liblpc_board_nxp_lpcxpresso_4337.a(board_sysinit.o)
 .ARM.attributes
                0x00000190       0x32 C:\Users\Alan\Documents\MCUXpressoIDE_11.0.1_2563\workspace_3\lpc_chip_43xx\Debug\liblpc_chip_43xx.a(chip_18xx_43xx.o)
 .ARM.attributes
                0x000001c2       0x32 C:\Users\Alan\Documents\MCUXpressoIDE_11.0.1_2563\workspace_3\lpc_chip_43xx\Debug\liblpc_chip_43xx.a(clock_18xx_43xx.o)
 .ARM.attributes
                0x000001f4       0x32 C:\Users\Alan\Documents\MCUXpressoIDE_11.0.1_2563\workspace_3\lpc_chip_43xx\Debug\liblpc_chip_43xx.a(fpu_init.o)
 .ARM.attributes
                0x00000226       0x32 C:\Users\Alan\Documents\MCUXpressoIDE_11.0.1_2563\workspace_3\lpc_chip_43xx\Debug\liblpc_chip_43xx.a(gpdma_18xx_43xx.o)
 .ARM.attributes
                0x00000258       0x32 C:\Users\Alan\Documents\MCUXpressoIDE_11.0.1_2563\workspace_3\lpc_chip_43xx\Debug\liblpc_chip_43xx.a(gpio_18xx_43xx.o)
 .ARM.attributes
                0x0000028a       0x32 C:\Users\Alan\Documents\MCUXpressoIDE_11.0.1_2563\workspace_3\lpc_chip_43xx\Debug\liblpc_chip_43xx.a(ssp_18xx_43xx.o)
 .ARM.attributes
                0x000002bc       0x32 C:\Users\Alan\Documents\MCUXpressoIDE_11.0.1_2563\workspace_3\lpc_chip_43xx\Debug\liblpc_chip_43xx.a(sysinit_18xx_43xx.o)
 .ARM.attributes
                0x000002ee       0x32 C:\Users\Alan\Documents\MCUXpressoIDE_11.0.1_2563\workspace_3\lpc_chip_43xx\Debug\liblpc_chip_43xx.a(uart_18xx_43xx.o)
 .ARM.attributes
                0x00000320       0x32 c:/nxp/mcuxpressoide_11.0.1_2563/ide/plugins/com.nxp.mcuxpresso.tools.win32_11.0.1.201907311258/tools/bin/../lib/gcc/arm-none-eabi/8.2.1/../../../../arm-none-eabi/lib/thumb/v7e-m+fp/softfp\libcr_nohost.a(_cr__main.o)
 .ARM.attributes
                0x00000352       0x32 c:/nxp/mcuxpressoide_11.0.1_2563/ide/plugins/com.nxp.mcuxpresso.tools.win32_11.0.1.201907311258/tools/bin/../lib/gcc/arm-none-eabi/8.2.1/../../../../arm-none-eabi/lib/thumb/v7e-m+fp/softfp\libcr_c.a(memset.o)
 .ARM.attributes
                0x00000384       0x32 c:/nxp/mcuxpressoide_11.0.1_2563/ide/plugins/com.nxp.mcuxpresso.tools.win32_11.0.1.201907311258/tools/bin/../lib/gcc/arm-none-eabi/8.2.1/../../../../arm-none-eabi/lib/thumb/v7e-m+fp/softfp\libcr_c.a(alloc.o)
 .ARM.attributes
                0x000003b6       0x32 c:/nxp/mcuxpressoide_11.0.1_2563/ide/plugins/com.nxp.mcuxpresso.tools.win32_11.0.1.201907311258/tools/bin/../lib/gcc/arm-none-eabi/8.2.1/../../../../arm-none-eabi/lib/thumb/v7e-m+fp/softfp\libcr_c.a(initio.o)
 .ARM.attributes
                0x000003e8       0x32 c:/nxp/mcuxpressoide_11.0.1_2563/ide/plugins/com.nxp.mcuxpresso.tools.win32_11.0.1.201907311258/tools/bin/../lib/gcc/arm-none-eabi/8.2.1/../../../../arm-none-eabi/lib/thumb/v7e-m+fp/softfp\libcr_c.a(pow.o)
 .ARM.attributes
                0x0000041a       0x32 c:/nxp/mcuxpressoide_11.0.1_2563/ide/plugins/com.nxp.mcuxpresso.tools.win32_11.0.1.201907311258/tools/bin/../lib/gcc/arm-none-eabi/8.2.1/../../../../arm-none-eabi/lib/thumb/v7e-m+fp/softfp\libcr_c.a(setvbuf.o)
 .ARM.attributes
                0x0000044c       0x32 c:/nxp/mcuxpressoide_11.0.1_2563/ide/plugins/com.nxp.mcuxpresso.tools.win32_11.0.1.201907311258/tools/bin/../lib/gcc/arm-none-eabi/8.2.1/../../../../arm-none-eabi/lib/thumb/v7e-m+fp/softfp\libcr_c.a(strlen.o)
 .ARM.attributes
                0x0000047e       0x32 c:/nxp/mcuxpressoide_11.0.1_2563/ide/plugins/com.nxp.mcuxpresso.tools.win32_11.0.1.201907311258/tools/bin/../lib/gcc/arm-none-eabi/8.2.1/../../../../arm-none-eabi/lib/thumb/v7e-m+fp/softfp\libcr_c.a(_deferredlazyseek.o)
 .ARM.attributes
                0x000004b0       0x32 c:/nxp/mcuxpressoide_11.0.1_2563/ide/plugins/com.nxp.mcuxpresso.tools.win32_11.0.1.201907311258/tools/bin/../lib/gcc/arm-none-eabi/8.2.1/../../../../arm-none-eabi/lib/thumb/v7e-m+fp/softfp\libcr_c.a(_fdopen.o)
 .ARM.attributes
                0x000004e2       0x32 c:/nxp/mcuxpressoide_11.0.1_2563/ide/plugins/com.nxp.mcuxpresso.tools.win32_11.0.1.201907311258/tools/bin/../lib/gcc/arm-none-eabi/8.2.1/../../../../arm-none-eabi/lib/thumb/v7e-m+fp/softfp\libcr_c.a(_fflush.o)
 .ARM.attributes
                0x00000514       0x32 c:/nxp/mcuxpressoide_11.0.1_2563/ide/plugins/com.nxp.mcuxpresso.tools.win32_11.0.1.201907311258/tools/bin/../lib/gcc/arm-none-eabi/8.2.1/../../../../arm-none-eabi/lib/thumb/v7e-m+fp/softfp\libcr_c.a(_writebuf.o)
 .ARM.attributes
                0x00000546       0x37 c:/nxp/mcuxpressoide_11.0.1_2563/ide/plugins/com.nxp.mcuxpresso.tools.win32_11.0.1.201907311258/tools/bin/../lib/gcc/arm-none-eabi/8.2.1/../../../../arm-none-eabi/lib/thumb/v7e-m+fp/softfp\libcr_c.a(errno.o)
 .ARM.attributes
                0x0000057d       0x32 c:/nxp/mcuxpressoide_11.0.1_2563/ide/plugins/com.nxp.mcuxpresso.tools.win32_11.0.1.201907311258/tools/bin/../lib/gcc/arm-none-eabi/8.2.1/../../../../arm-none-eabi/lib/thumb/v7e-m+fp/softfp\libcr_c.a(fclose.o)
 .ARM.attributes
                0x000005af       0x32 c:/nxp/mcuxpressoide_11.0.1_2563/ide/plugins/com.nxp.mcuxpresso.tools.win32_11.0.1.201907311258/tools/bin/../lib/gcc/arm-none-eabi/8.2.1/../../../../arm-none-eabi/lib/thumb/v7e-m+fp/softfp\libcr_c.a(fflush.o)
 .ARM.attributes
                0x000005e1       0x32 c:/nxp/mcuxpressoide_11.0.1_2563/ide/plugins/com.nxp.mcuxpresso.tools.win32_11.0.1.201907311258/tools/bin/../lib/gcc/arm-none-eabi/8.2.1/../../../../arm-none-eabi/lib/thumb/v7e-m+fp/softfp\libcr_c.a(frexp.o)
 .ARM.attributes
                0x00000613       0x32 c:/nxp/mcuxpressoide_11.0.1_2563/ide/plugins/com.nxp.mcuxpresso.tools.win32_11.0.1.201907311258/tools/bin/../lib/gcc/arm-none-eabi/8.2.1/../../../../arm-none-eabi/lib/thumb/v7e-m+fp/softfp\libcr_c.a(fseek.o)
 .ARM.attributes
                0x00000645       0x32 c:/nxp/mcuxpressoide_11.0.1_2563/ide/plugins/com.nxp.mcuxpresso.tools.win32_11.0.1.201907311258/tools/bin/../lib/gcc/arm-none-eabi/8.2.1/../../../../arm-none-eabi/lib/thumb/v7e-m+fp/softfp\libcr_c.a(ftell.o)
 .ARM.attributes
                0x00000677       0x32 c:/nxp/mcuxpressoide_11.0.1_2563/ide/plugins/com.nxp.mcuxpresso.tools.win32_11.0.1.201907311258/tools/bin/../lib/gcc/arm-none-eabi/8.2.1/../../../../arm-none-eabi/lib/thumb/v7e-m+fp/softfp\libcr_c.a(ldexp.o)
 .ARM.attributes
                0x000006a9       0x32 c:/nxp/mcuxpressoide_11.0.1_2563/ide/plugins/com.nxp.mcuxpresso.tools.win32_11.0.1.201907311258/tools/bin/../lib/gcc/arm-none-eabi/8.2.1/../../../../arm-none-eabi/lib/thumb/v7e-m+fp/softfp\libcr_c.a(remove.o)
 .ARM.attributes
                0x000006db       0x32 c:/nxp/mcuxpressoide_11.0.1_2563/ide/plugins/com.nxp.mcuxpresso.tools.win32_11.0.1.201907311258/tools/bin/../lib/gcc/arm-none-eabi/8.2.1/../../../../arm-none-eabi/lib/thumb/v7e-m+fp/softfp\libcr_c.a(_do_fflush.o)
 .ARM.attributes
                0x0000070d       0x20 c:/nxp/mcuxpressoide_11.0.1_2563/ide/plugins/com.nxp.mcuxpresso.tools.win32_11.0.1.201907311258/tools/bin/../lib/gcc/arm-none-eabi/8.2.1/thumb/v7e-m+fp/softfp\libcr_eabihelpers.a(division_64.o)
 .ARM.attributes
                0x0000072d       0x20 c:/nxp/mcuxpressoide_11.0.1_2563/ide/plugins/com.nxp.mcuxpresso.tools.win32_11.0.1.201907311258/tools/bin/../lib/gcc/arm-none-eabi/8.2.1/thumb/v7e-m+fp/softfp\libcr_eabihelpers.a(division_idiv0.o)
 .ARM.attributes
                0x0000074d       0x32 c:/nxp/mcuxpressoide_11.0.1_2563/ide/plugins/com.nxp.mcuxpresso.tools.win32_11.0.1.201907311258/tools/bin/../lib/gcc/arm-none-eabi/8.2.1/thumb/v7e-m+fp/softfp\libcr_eabihelpers.a(double.o)
 .ARM.attributes
                0x0000077f       0x20 c:/nxp/mcuxpressoide_11.0.1_2563/ide/plugins/com.nxp.mcuxpresso.tools.win32_11.0.1.201907311258/tools/bin/../lib/gcc/arm-none-eabi/8.2.1/thumb/v7e-m+fp/softfp\libcr_eabihelpers.a(memcpy.o)
 .ARM.attributes
                0x0000079f       0x37 c:/nxp/mcuxpressoide_11.0.1_2563/ide/plugins/com.nxp.mcuxpresso.tools.win32_11.0.1.201907311258/tools/bin/../lib/gcc/arm-none-eabi/8.2.1/../../../../arm-none-eabi/lib/thumb/v7e-m+fp/softfp\libcr_nohost.a(__ciob.o)
 .ARM.attributes
                0x000007d6       0x32 c:/nxp/mcuxpressoide_11.0.1_2563/ide/plugins/com.nxp.mcuxpresso.tools.win32_11.0.1.201907311258/tools/bin/../lib/gcc/arm-none-eabi/8.2.1/../../../../arm-none-eabi/lib/thumb/v7e-m+fp/softfp\libcr_nohost.a(__sys_close.o)
 .ARM.attributes
                0x00000808       0x32 c:/nxp/mcuxpressoide_11.0.1_2563/ide/plugins/com.nxp.mcuxpresso.tools.win32_11.0.1.201907311258/tools/bin/../lib/gcc/arm-none-eabi/8.2.1/../../../../arm-none-eabi/lib/thumb/v7e-m+fp/softfp\libcr_nohost.a(__sys_flen.o)
 .ARM.attributes
                0x0000083a       0x32 c:/nxp/mcuxpressoide_11.0.1_2563/ide/plugins/com.nxp.mcuxpresso.tools.win32_11.0.1.201907311258/tools/bin/../lib/gcc/arm-none-eabi/8.2.1/../../../../arm-none-eabi/lib/thumb/v7e-m+fp/softfp\libcr_nohost.a(__sys_istty.o)
 .ARM.attributes
                0x0000086c       0x32 c:/nxp/mcuxpressoide_11.0.1_2563/ide/plugins/com.nxp.mcuxpresso.tools.win32_11.0.1.201907311258/tools/bin/../lib/gcc/arm-none-eabi/8.2.1/../../../../arm-none-eabi/lib/thumb/v7e-m+fp/softfp\libcr_nohost.a(__sys_remove.o)
 .ARM.attributes
                0x0000089e       0x32 c:/nxp/mcuxpressoide_11.0.1_2563/ide/plugins/com.nxp.mcuxpresso.tools.win32_11.0.1.201907311258/tools/bin/../lib/gcc/arm-none-eabi/8.2.1/../../../../arm-none-eabi/lib/thumb/v7e-m+fp/softfp\libcr_nohost.a(__sys_seek.o)
 .ARM.attributes
                0x000008d0       0x32 c:/nxp/mcuxpressoide_11.0.1_2563/ide/plugins/com.nxp.mcuxpresso.tools.win32_11.0.1.201907311258/tools/bin/../lib/gcc/arm-none-eabi/8.2.1/../../../../arm-none-eabi/lib/thumb/v7e-m+fp/softfp\libcr_nohost.a(__sys_tmpnam.o)

.debug_frame    0x00000000     0x2810
 .debug_frame   0x00000000       0xd8 ./freertos/src/list.o
 .debug_frame   0x000000d8      0x1a8 ./freertos/src/port.o
 .debug_frame   0x00000280      0x6cc ./freertos/src/tasks.o
 .debug_frame   0x0000094c      0x358 ./example/src/blinky.o
 .debug_frame   0x00000ca4      0x170 ./example/src/cr_startup_lpc43xx.o
 .debug_frame   0x00000e14       0x34 ./example/src/sysinit.o
 .debug_frame   0x00000e48      0x62c C:\Users\Alan\Documents\MCUXpressoIDE_11.0.1_2563\workspace_3\lpc_board_nxp_lpcxpresso_4337\Debug\liblpc_board_nxp_lpcxpresso_4337.a(board.o)
 .debug_frame   0x00001474       0xe4 C:\Users\Alan\Documents\MCUXpressoIDE_11.0.1_2563\workspace_3\lpc_board_nxp_lpcxpresso_4337\Debug\liblpc_board_nxp_lpcxpresso_4337.a(board_sysinit.o)
 .debug_frame   0x00001558       0xa0 C:\Users\Alan\Documents\MCUXpressoIDE_11.0.1_2563\workspace_3\lpc_chip_43xx\Debug\liblpc_chip_43xx.a(chip_18xx_43xx.o)
 .debug_frame   0x000015f8      0x568 C:\Users\Alan\Documents\MCUXpressoIDE_11.0.1_2563\workspace_3\lpc_chip_43xx\Debug\liblpc_chip_43xx.a(clock_18xx_43xx.o)