core_cm4.h:1467:22:NVIC_EnableIRQ	16	static
core_cm4.h:1480:22:NVIC_DisableIRQ	16	static
core_cm4.h:1550:22:NVIC_SetPriority	16	static
scu_18xx_43xx.h:135:20:Chip_SCU_PinMuxSet	16	static
scu_18xx_43xx.h:150:20:Chip_SCU_PinMux	24	static
gpio_18xx_43xx.h:95:20:Chip_GPIO_SetPinState	16	static
gpio_18xx_43xx.h:121:20:Chip_GPIO_GetPinState	16	static
gpio_18xx_43xx.h:154:20:Chip_GPIO_SetPinDIROutput	16	static
gpio_18xx_43xx.h:166:20:Chip_GPIO_SetPinDIRInput	16	static
gpio_18xx_43xx.h:477:20:Chip_GPIO_SetPinToggle	16	static
ssp_18xx_43xx.h:239:20:Chip_SSP_Enable	16	static
ssp_18xx_43xx.h:413:20:Chip_SSP_SetFormat	24	static
uart_18xx_43xx.h:306:20:Chip_UART_TXEnable	16	static
uart_18xx_43xx.h:357:20:Chip_UART_IntEnable	16	static
blinky.c:45:13:prvSetupHardware	8	static
blinky.c:97:6:delay	16	static
blinky.c:104:6:UART_Init	8	static
blinky.c:128:6:Config_SSP	8	static
blinky.c:157:13:enviar	16	static
blinky.c:172:6:AD9833setFrequency	40	static
blinky.c:185:6:actualiza_func	8	static
blinky.c:207:6:AD9833reset	8	static
blinky.c:212:5:main	8	static
